Component: ARM Compiler 6.14 Tool: armlink [5db06800]

==============================================================================

Section Cross References

    gpio.o(.ARM.exidx.text.GPIO_setMode) refers to gpio.o(.text.GPIO_setMode) for [Anonymous Symbol]
    gpio.o(.ARM.exidx.text.GPIO_setOutputType) refers to gpio.o(.text.GPIO_setOutputType) for [Anonymous Symbol]
    gpio.o(.ARM.exidx.text.GPIO_setOutputSpeed) refers to gpio.o(.text.GPIO_setOutputSpeed) for [Anonymous Symbol]
    gpio.o(.ARM.exidx.text.GPIO_setPullUpDown) refers to gpio.o(.text.GPIO_setPullUpDown) for [Anonymous Symbol]
    gpio.o(.ARM.exidx.text.GPIO_setPin) refers to gpio.o(.text.GPIO_setPin) for [Anonymous Symbol]
    gpio.o(.ARM.exidx.text.GPIO_resetPin) refers to gpio.o(.text.GPIO_resetPin) for [Anonymous Symbol]
    gpio.o(.ARM.exidx.text.GPIO_togglePin) refers to gpio.o(.text.GPIO_togglePin) for [Anonymous Symbol]
    gpio.o(.ARM.exidx.text.GPIO_readPin) refers to gpio.o(.text.GPIO_readPin) for [Anonymous Symbol]
    gpio.o(.ARM.exidx.text.GPIO_setAlternateFunction) refers to gpio.o(.text.GPIO_setAlternateFunction) for [Anonymous Symbol]
    lenguyenkhanhlam.o(.text.sysInit) refers to lenguyenkhanhlam.o(.text.enaleClockModule) for enaleClockModule
    lenguyenkhanhlam.o(.text.sysInit) refers to lenguyenkhanhlam.o(.text.configGPIO) for configGPIO
    lenguyenkhanhlam.o(.text.sysInit) refers to lenguyenkhanhlam.o(.text.configTim) for configTim
    lenguyenkhanhlam.o(.text.sysInit) refers to systick.o(.text.configSysTickInt) for configSysTickInt
    lenguyenkhanhlam.o(.ARM.exidx.text.sysInit) refers to lenguyenkhanhlam.o(.text.sysInit) for [Anonymous Symbol]
    lenguyenkhanhlam.o(.ARM.exidx.text.enaleClockModule) refers to lenguyenkhanhlam.o(.text.enaleClockModule) for [Anonymous Symbol]
    lenguyenkhanhlam.o(.text.configGPIO) refers to gpio.o(.text.GPIO_setMode) for GPIO_setMode
    lenguyenkhanhlam.o(.text.configGPIO) refers to gpio.o(.text.GPIO_setPullUpDown) for GPIO_setPullUpDown
    lenguyenkhanhlam.o(.ARM.exidx.text.configGPIO) refers to lenguyenkhanhlam.o(.text.configGPIO) for [Anonymous Symbol]
    lenguyenkhanhlam.o(.text.configTim) refers to gpio.o(.text.GPIO_setMode) for GPIO_setMode
    lenguyenkhanhlam.o(.text.configTim) refers to gpio.o(.text.GPIO_setAlternateFunction) for GPIO_setAlternateFunction
    lenguyenkhanhlam.o(.text.configTim) refers to timer.o(.text.TIM_Config) for TIM_Config
    lenguyenkhanhlam.o(.text.configTim) refers to timer.o(.text.TIM_ConfigOutputCompare) for TIM_ConfigOutputCompare
    lenguyenkhanhlam.o(.text.configTim) refers to timer.o(.text.TIM_EnableOutputCompare) for TIM_EnableOutputCompare
    lenguyenkhanhlam.o(.text.configTim) refers to timer.o(.text.TIM_Start) for TIM_Start
    lenguyenkhanhlam.o(.ARM.exidx.text.configTim) refers to lenguyenkhanhlam.o(.text.configTim) for [Anonymous Symbol]
    lenguyenkhanhlam.o(.text.configUsart) refers to gpio.o(.text.GPIO_setMode) for GPIO_setMode
    lenguyenkhanhlam.o(.text.configUsart) refers to gpio.o(.text.GPIO_setAlternateFunction) for GPIO_setAlternateFunction
    lenguyenkhanhlam.o(.text.configUsart) refers to uart.o(.text.uart_set_baudrate) for uart_set_baudrate
    lenguyenkhanhlam.o(.ARM.exidx.text.configUsart) refers to lenguyenkhanhlam.o(.text.configUsart) for [Anonymous Symbol]
    main.o(.text) refers (Special) to _printf_d.o(.ARM.Collect$$_printf_percent$$00000009) for _printf_d
    main.o(.text) refers (Special) to _printf_dec.o(.text) for _printf_int_dec
    main.o(.text) refers (Special) to _printf_percent.o(.ARM.Collect$$_printf_percent$$00000000) for _printf_percent
    main.o(.text.main) refers (Special) to _printf_d.o(.ARM.Collect$$_printf_percent$$00000009) for _printf_d
    main.o(.text.main) refers (Special) to _printf_dec.o(.text) for _printf_int_dec
    main.o(.text.main) refers (Special) to _printf_percent.o(.ARM.Collect$$_printf_percent$$00000000) for _printf_percent
    main.o(.text.main) refers to lenguyenkhanhlam.o(.text.sysInit) for sysInit
    main.o(.text.main) refers to gpio.o(.text.GPIO_setMode) for GPIO_setMode
    main.o(.text.main) refers to gpio.o(.text.GPIO_setAlternateFunction) for GPIO_setAlternateFunction
    main.o(.text.main) refers to uart.o(.text.uart_set_baudrate) for uart_set_baudrate
    main.o(.text.main) refers to uart.o(.text.USART_sendString) for USART_sendString
    main.o(.text.main) refers to main.o(.bss.T) for T
    main.o(.text.main) refers to main.o(.bss.E2) for E2
    main.o(.text.main) refers to main.o(.bss.E1) for E1
    main.o(.text.main) refers to main.o(.bss.Kp1) for Kp1
    main.o(.text.main) refers to main.o(.bss.Ki1) for Ki1
    main.o(.text.main) refers to main.o(.bss.Kd1) for Kd1
    main.o(.ARM.exidx.text.main) refers (Special) to _printf_d.o(.ARM.Collect$$_printf_percent$$00000009) for _printf_d
    main.o(.ARM.exidx.text.main) refers (Special) to _printf_dec.o(.text) for _printf_int_dec
[...]
    uart.o(.text.USART_sendString) refers to uart.o(.text.USART_sendChar) for USART_sendChar
    uart.o(.ARM.exidx.text.USART_sendString) refers to uart.o(.text.USART_sendString) for [Anonymous Symbol]
    uart.o(.ARM.exidx.text.USART_read) refers to uart.o(.text.USART_read) for [Anonymous Symbol]
    uart.o(.ARM.exidx.text.USART_receiveString) refers to uart.o(.text.USART_receiveString) for [Anonymous Symbol]
    pid.o(.text.PID_Init) refers to dcmp.o(x$fpl$fcmp) for __aeabi_dcmpgt
    pid.o(.ARM.exidx.text.PID_Init) refers to pid.o(.text.PID_Init) for [Anonymous Symbol]
    pid.o(.text.PID) refers to pid.o(.text.PID_SetOutputLimits) for PID_SetOutputLimits
    pid.o(.text.PID) refers to pid.o(.text.PID_SetControllerDirection) for PID_SetControllerDirection
    pid.o(.text.PID) refers to pid.o(.text.PID_SetTunings2) for PID_SetTunings2
    pid.o(.ARM.exidx.text.PID) refers to pid.o(.text.PID) for [Anonymous Symbol]
    pid.o(.text.PID_SetOutputLimits) refers to dcmp.o(x$fpl$fcmp) for __aeabi_dcmpge
    pid.o(.ARM.exidx.text.PID_SetOutputLimits) refers to pid.o(.text.PID_SetOutputLimits) for [Anonymous Symbol]
    pid.o(.text.PID_SetControllerDirection) refers to daddsub_clz.o(x$fpl$dsub) for __aeabi_dsub
    pid.o(.ARM.exidx.text.PID_SetControllerDirection) refers to pid.o(.text.PID_SetControllerDirection) for [Anonymous Symbol]
    pid.o(.text.PID_SetTunings2) refers to dcmp.o(x$fpl$fcmp) for __aeabi_dcmplt
    pid.o(.text.PID_SetTunings2) refers to dflt_clz.o(x$fpl$dfltu) for __aeabi_ui2d
    pid.o(.text.PID_SetTunings2) refers to ddiv.o(x$fpl$ddiv) for __aeabi_ddiv
    pid.o(.text.PID_SetTunings2) refers to dmul.o(x$fpl$dmul) for __aeabi_dmul
    pid.o(.text.PID_SetTunings2) refers to daddsub_clz.o(x$fpl$dsub) for __aeabi_dsub
    pid.o(.ARM.exidx.text.PID_SetTunings2) refers to pid.o(.text.PID_SetTunings2) for [Anonymous Symbol]
    pid.o(.text.PID2) refers to pid.o(.text.PID) for PID
    pid.o(.ARM.exidx.text.PID2) refers to pid.o(.text.PID2) for [Anonymous Symbol]
    pid.o(.text.PID_Compute) refers to daddsub_clz.o(x$fpl$dsub) for __aeabi_dsub
    pid.o(.text.PID_Compute) refers to dmul.o(x$fpl$dmul) for __aeabi_dmul
    pid.o(.text.PID_Compute) refers to daddsub_clz.o(x$fpl$dadd) for __aeabi_dadd
    pid.o(.text.PID_Compute) refers to dcmp.o(x$fpl$fcmp) for __aeabi_dcmpgt
    pid.o(.ARM.exidx.text.PID_Compute) refers to pid.o(.text.PID_Compute) for [Anonymous Symbol]
    pid.o(.text.PID_SetMode) refers to pid.o(.text.PID_Init) for PID_Init
    pid.o(.ARM.exidx.text.PID_SetMode) refers to pid.o(.text.PID_SetMode) for [Anonymous Symbol]
    pid.o(.ARM.exidx.text.PID_GetMode) refers to pid.o(.text.PID_GetMode) for [Anonymous Symbol]
    pid.o(.text.PID_SetTunings) refers to pid.o(.text.PID_SetTunings2) for PID_SetTunings2
    pid.o(.ARM.exidx.text.PID_SetTunings) refers to pid.o(.text.PID_SetTunings) for [Anonymous Symbol]
    pid.o(.ARM.exidx.text.PID_GetDirection) refers to pid.o(.text.PID_GetDirection) for [Anonymous Symbol]
    pid.o(.text.PID_SetSampleTime) refers to dflt_clz.o(x$fpl$dflt) for __aeabi_i2d
    pid.o(.text.PID_SetSampleTime) refers to dflt_clz.o(x$fpl$dfltu) for __aeabi_ui2d
    pid.o(.text.PID_SetSampleTime) refers to ddiv.o(x$fpl$ddiv) for __aeabi_ddiv
    pid.o(.text.PID_SetSampleTime) refers to dmul.o(x$fpl$dmul) for __aeabi_dmul
    pid.o(.ARM.exidx.text.PID_SetSampleTime) refers to pid.o(.text.PID_SetSampleTime) for [Anonymous Symbol]
    pid.o(.ARM.exidx.text.PID_GetKp) refers to pid.o(.text.PID_GetKp) for [Anonymous Symbol]
    pid.o(.ARM.exidx.text.PID_GetKi) refers to pid.o(.text.PID_GetKi) for [Anonymous Symbol]
    pid.o(.ARM.exidx.text.PID_GetKd) refers to pid.o(.text.PID_GetKd) for [Anonymous Symbol]
    startup_stm32f446xx.o(STACK) refers (Special) to heapauxi.o(.text) for __use_two_region_memory
    startup_stm32f446xx.o(HEAP) refers (Special) to heapauxi.o(.text) for __use_two_region_memory
    startup_stm32f446xx.o(RESET) refers (Special) to heapauxi.o(.text) for __use_two_region_memory
    startup_stm32f446xx.o(RESET) refers to startup_stm32f446xx.o(STACK) for __initial_sp
    startup_stm32f446xx.o(RESET) refers to startup_stm32f446xx.o(.text) for Reset_Handler
    startup_stm32f446xx.o(RESET) refers to main.o(.text.EXTI9_5_IRQHandler) for EXTI9_5_IRQHandler
    startup_stm32f446xx.o(RESET) refers to main.o(.text.TIM4_IRQHandler) for TIM4_IRQHandler
    startup_stm32f446xx.o(RESET) refers to main.o(.text.USART2_IRQHandler) for USART2_IRQHandler
    startup_stm32f446xx.o(.text) refers (Special) to heapauxi.o(.text) for __use_two_region_memory
    startup_stm32f446xx.o(.text) refers to system_stm32f4xx.o(.text.SystemInit) for SystemInit
    startup_stm32f446xx.o(.text) refers to __main.o(!!!main) for __main
    startup_stm32f446xx.o(.text) refers to startup_stm32f446xx.o(HEAP) for Heap_Mem
    startup_stm32f446xx.o(.text) refers to startup_stm32f446xx.o(STACK) for Stack_Mem
    system_stm32f4xx.o(.ARM.exidx.text.SystemInit) refers to system_stm32f4xx.o(.text.SystemInit) for [Anonymous Symbol]
    system_stm32f4xx.o(.text.SystemCoreClockUpdate) refers to system_stm32f4xx.o(.data.SystemCoreClock) for SystemCoreClock
    system_stm32f4xx.o(.text.SystemCoreClockUpdate) refers to system_stm32f4xx.o(.rodata.AHBPrescTable) for AHBPrescTable
    system_stm32f4xx.o(.ARM.exidx.text.SystemCoreClockUpdate) refers to system_stm32f4xx.o(.text.SystemCoreClockUpdate) for [Anonymous Symbol]
    __2sprintf.o(.text) refers to _printf_char_common.o(.text) for _printf_char_common
    __2sprintf.o(.text) refers to _sputc.o(.text) for _sputc
    noretval__2sprintf.o(.text) refers to _printf_char_common.o(.text) for _printf_char_common
    noretval__2sprintf.o(.text) refers to _sputc.o(.text) for _sputc
    __printf.o(.text) refers to _printf_percent.o(.ARM.Collect$$_printf_percent$$00000000) for _printf_percent
    _printf_dec.o(.text) refers to _printf_intcommon.o(.text) for _printf_int_common
    __printf_flags.o(.text) refers to _printf_percent.o(.ARM.Collect$$_printf_percent$$00000000) for _printf_percent
    __printf_flags.o(.text) refers to __printf_flags.o(.constdata) for .constdata
    __printf_ss.o(.text) refers to _printf_percent.o(.ARM.Collect$$_printf_percent$$00000000) for _printf_percent
    __printf_flags_ss.o(.text) refers to _printf_percent.o(.ARM.Collect$$_printf_percent$$00000000) for _printf_percent
    __printf_flags_ss.o(.text) refers to __printf_flags_ss.o(.constdata) for .constdata
    __printf_wp.o(.text) refers to __printf_wp.o(i._is_digit) for _is_digit
    __printf_wp.o(.text) refers to _printf_percent.o(.ARM.Collect$$_printf_percent$$00000000) for _printf_percent
    __printf_flags_wp.o(.text) refers to __printf_wp.o(i._is_digit) for _is_digit
    __printf_flags_wp.o(.text) refers to _printf_percent.o(.ARM.Collect$$_printf_percent$$00000000) for _printf_percent
    __printf_flags_wp.o(.text) refers to __printf_flags_wp.o(.constdata) for .constdata
    __printf_ss_wp.o(.text) refers to __printf_wp.o(i._is_digit) for _is_digit
    __printf_ss_wp.o(.text) refers to _printf_percent.o(.ARM.Collect$$_printf_percent$$00000000) for _printf_percent
    __printf_flags_ss_wp.o(.text) refers to __printf_wp.o(i._is_digit) for _is_digit
    __printf_flags_ss_wp.o(.text) refers to _printf_percent.o(.ARM.Collect$$_printf_percent$$00000000) for _printf_percent
    __printf_flags_ss_wp.o(.text) refers to __printf_flags_ss_wp.o(.constdata) for .constdata
    _printf_d.o(.ARM.Collect$$_printf_percent$$00000009) refers (Weak) to _printf_dec.o(.text) for _printf_int_dec
    _printf_percent.o(.ARM.Collect$$_printf_percent$$00000000) refers (Special) to _printf_percent_end.o(.ARM.Collect$$_printf_percent$$00000017) for _printf_percent_end
    __main.o(!!!main) refers to __rtentry.o(.ARM.Collect$$rtentry$$00000000) for __rt_entry
    daddsub_clz.o(x$fpl$dadd) refers (Special) to usenofp.o(x$fpl$usenofp) for __I$use$fp
    daddsub_clz.o(x$fpl$dadd) refers to daddsub_clz.o(x$fpl$dsub) for _dsub1
    daddsub_clz.o(x$fpl$dadd) refers to dretinf.o(x$fpl$dretinf) for __fpl_dretinf
    daddsub_clz.o(x$fpl$dadd) refers to dnaninf.o(x$fpl$dnaninf) for __fpl_dnaninf
    daddsub_clz.o(x$fpl$drsb) refers (Special) to usenofp.o(x$fpl$usenofp) for __I$use$fp
    daddsub_clz.o(x$fpl$drsb) refers to daddsub_clz.o(x$fpl$dadd) for _dadd1
    daddsub_clz.o(x$fpl$drsb) refers to daddsub_clz.o(x$fpl$dsub) for _dsub1
    daddsub_clz.o(x$fpl$dsub) refers (Special) to usenofp.o(x$fpl$usenofp) for __I$use$fp
    daddsub_clz.o(x$fpl$dsub) refers to daddsub_clz.o(x$fpl$dadd) for _dadd1
    daddsub_clz.o(x$fpl$dsub) refers to dnaninf.o(x$fpl$dnaninf) for __fpl_dnaninf
    dcmp.o(x$fpl$fcmp) refers (Special) to usenofp.o(x$fpl$usenofp) for __I$use$fp
    dcmp.o(x$fpl$fcmp) refers to deqf.o(x$fpl$deqf) for _dcmpeq
    dcmp.o(x$fpl$fcmp) refers to dgeqf.o(x$fpl$dgeqf) for _dcmpge
    dcmp.o(x$fpl$fcmp) refers to dleqf.o(x$fpl$dleqf) for _dcmple
    ddiv.o(x$fpl$drdiv) refers (Special) to usenofp.o(x$fpl$usenofp) for __I$use$fp
    ddiv.o(x$fpl$drdiv) refers to ddiv.o(x$fpl$ddiv) for ddiv_entry
    ddiv.o(x$fpl$ddiv) refers (Special) to usenofp.o(x$fpl$usenofp) for __I$use$fp
    ddiv.o(x$fpl$ddiv) refers to dretinf.o(x$fpl$dretinf) for __fpl_dretinf
    ddiv.o(x$fpl$ddiv) refers to dnaninf.o(x$fpl$dnaninf) for __fpl_dnaninf
    dfix.o(x$fpl$dfix) refers (Special) to usenofp.o(x$fpl$usenofp) for __I$use$fp
    dfix.o(x$fpl$dfix) refers to dnaninf.o(x$fpl$dnaninf) for __fpl_dnaninf
    dfix.o(x$fpl$dfixr) refers (Special) to usenofp.o(x$fpl$usenofp) for __I$use$fp
    dfix.o(x$fpl$dfixr) refers to dnaninf.o(x$fpl$dnaninf) for __fpl_dnaninf
    dflt_clz.o(x$fpl$dfltu) refers (Special) to usenofp.o(x$fpl$usenofp) for __I$use$fp
    dflt_clz.o(x$fpl$dflt) refers (Special) to usenofp.o(x$fpl$usenofp) for __I$use$fp
    dflt_clz.o(x$fpl$dfltn) refers (Special) to usenofp.o(x$fpl$usenofp) for __I$use$fp
    dmul.o(x$fpl$dmul) refers (Special) to usenofp.o(x$fpl$usenofp) for __I$use$fp
    dmul.o(x$fpl$dmul) refers to dretinf.o(x$fpl$dretinf) for __fpl_dretinf
    dmul.o(x$fpl$dmul) refers to dnaninf.o(x$fpl$dnaninf) for __fpl_dnaninf
    f2d.o(x$fpl$f2d) refers (Special) to usenofp.o(x$fpl$usenofp) for __I$use$fp
    f2d.o(x$fpl$f2d) refers to fnaninf.o(x$fpl$fnaninf) for __fpl_fnaninf
    f2d.o(x$fpl$f2d) refers to dretinf.o(x$fpl$dretinf) for __fpl_dretinf
    __rtentry.o(.ARM.Collect$$rtentry$$00000000) refers (Special) to __rtentry2.o(.ARM.Collect$$rtentry$$0000000A) for __rt_entry_li
    __rtentry.o(.ARM.Collect$$rtentry$$00000000) refers (Special) to __rtentry2.o(.ARM.Collect$$rtentry$$0000000D) for __rt_entry_main
    __rtentry.o(.ARM.Collect$$rtentry$$00000000) refers (Special) to __rtentry2.o(.ARM.Collect$$rtentry$$0000000C) for __rt_entry_postli_1
    __rtentry.o(.ARM.Collect$$rtentry$$00000000) refers (Special) to __rtentry2.o(.ARM.Collect$$rtentry$$00000009) for __rt_entry_postsh_1
    __rtentry.o(.ARM.Collect$$rtentry$$00000000) refers (Special) to __rtentry2.o(.ARM.Collect$$rtentry$$00000002) for __rt_entry_presh_1
    __rtentry.o(.ARM.Collect$$rtentry$$00000000) refers (Special) to __rtentry4.o(.ARM.Collect$$rtentry$$00000004) for __rt_entry_sh
    _printf_char_common.o(.text) refers to __printf.o(.text) for __printf
    deqf.o(x$fpl$deqf) refers (Special) to usenofp.o(x$fpl$usenofp) for __I$use$fp
    deqf.o(x$fpl$deqf) refers to dnaninf.o(x$fpl$dnaninf) for __fpl_dnaninf
    deqf.o(x$fpl$deqf) refers to dcmpi.o(x$fpl$dcmpinf) for __fpl_dcmp_Inf
    dgeqf.o(x$fpl$dgeqf) refers (Special) to usenofp.o(x$fpl$usenofp) for __I$use$fp
    dgeqf.o(x$fpl$dgeqf) refers to dnaninf.o(x$fpl$dnaninf) for __fpl_dnaninf
    dgeqf.o(x$fpl$dgeqf) refers to dcmpi.o(x$fpl$dcmpinf) for __fpl_dcmp_Inf
    dleqf.o(x$fpl$dleqf) refers (Special) to usenofp.o(x$fpl$usenofp) for __I$use$fp
    dleqf.o(x$fpl$dleqf) refers to dnaninf.o(x$fpl$dnaninf) for __fpl_dnaninf
    dleqf.o(x$fpl$dleqf) refers to dcmpi.o(x$fpl$dcmpinf) for __fpl_dcmp_Inf
    dnaninf.o(x$fpl$dnaninf) refers (Special) to usenofp.o(x$fpl$usenofp) for __I$use$fp
    dretinf.o(x$fpl$dretinf) refers (Special) to usenofp.o(x$fpl$usenofp) for __I$use$fp
    fnaninf.o(x$fpl$fnaninf) refers (Special) to usenofp.o(x$fpl$usenofp) for __I$use$fp
    __rtentry2.o(.ARM.Collect$$rtentry$$00000008) refers to boardinit2.o(.text) for _platform_post_stackheap_init
    __rtentry2.o(.ARM.Collect$$rtentry$$0000000A) refers to libinit.o(.ARM.Collect$$libinit$$00000000) for __rt_lib_init
    __rtentry2.o(.ARM.Collect$$rtentry$$0000000B) refers to boardinit3.o(.text) for _platform_post_lib_init
    __rtentry2.o(.ARM.Collect$$rtentry$$0000000D) refers to main.o(.text.main) for main
    __rtentry2.o(.ARM.Collect$$rtentry$$0000000D) refers to exit.o(.text) for exit
    __rtentry2.o(.ARM.exidx) refers to __rtentry2.o(.ARM.Collect$$rtentry$$00000001) for .ARM.Collect$$rtentry$$00000001
    __rtentry2.o(.ARM.exidx) refers to __rtentry2.o(.ARM.Collect$$rtentry$$00000008) for .ARM.Collect$$rtentry$$00000008
    __rtentry2.o(.ARM.exidx) refers to __rtentry2.o(.ARM.Collect$$rtentry$$0000000A) for .ARM.Collect$$rtentry$$0000000A
    __rtentry2.o(.ARM.exidx) refers to __rtentry2.o(.ARM.Collect$$rtentry$$0000000B) for .ARM.Collect$$rtentry$$0000000B
    __rtentry2.o(.ARM.exidx) refers to __rtentry2.o(.ARM.Collect$$rtentry$$0000000D) for .ARM.Collect$$rtentry$$0000000D
    __rtentry4.o(.ARM.Collect$$rtentry$$00000004) refers to sys_stackheap_outer.o(.text) for __user_setup_stackheap
    __rtentry4.o(.ARM.exidx) refers to __rtentry4.o(.ARM.Collect$$rtentry$$00000004) for .ARM.Collect$$rtentry$$00000004
    dcmpi.o(x$fpl$dcmpinf) refers (Special) to usenofp.o(x$fpl$usenofp) for __I$use$fp
    sys_stackheap_outer.o(.text) refers to libspace.o(.text) for __user_perproc_libspace
    sys_stackheap_outer.o(.text) refers to startup_stm32f446xx.o(.text) for __user_initial_stackheap
    exit.o(.text) refers to rtexit.o(.ARM.Collect$$rtexit$$00000000) for __rt_exit
    libinit.o(.ARM.Collect$$libinit$$00000000) refers (Special) to libinit2.o(.ARM.Collect$$libinit$$0000002E) for __rt_lib_init_alloca_1
    libinit.o(.ARM.Collect$$libinit$$00000000) refers (Special) to libinit2.o(.ARM.Collect$$libinit$$0000002C) for __rt_lib_init_argv_1
    libinit.o(.ARM.Collect$$libinit$$00000000) refers (Special) to libinit2.o(.ARM.Collect$$libinit$$0000001B) for __rt_lib_init_atexit_1
    libinit.o(.ARM.Collect$$libinit$$00000000) refers (Special) to libinit2.o(.ARM.Collect$$libinit$$00000021) for __rt_lib_init_clock_1
    libinit.o(.ARM.Collect$$libinit$$00000000) refers (Special) to libinit2.o(.ARM.Collect$$libinit$$00000032) for __rt_lib_init_cpp_1
    libinit.o(.ARM.Collect$$libinit$$00000000) refers (Special) to libinit2.o(.ARM.Collect$$libinit$$00000030) for __rt_lib_init_exceptions_1
    libinit.o(.ARM.Collect$$libinit$$00000000) refers (Special) to libinit2.o(.ARM.Collect$$libinit$$00000001) for __rt_lib_init_fp_1
    libinit.o(.ARM.Collect$$libinit$$00000000) refers (Special) to libinit2.o(.ARM.Collect$$libinit$$0000001F) for __rt_lib_init_fp_trap_1
    libinit.o(.ARM.Collect$$libinit$$00000000) refers (Special) to libinit2.o(.ARM.Collect$$libinit$$00000023) for __rt_lib_init_getenv_1
    libinit.o(.ARM.Collect$$libinit$$00000000) refers (Special) to libinit2.o(.ARM.Collect$$libinit$$0000000A) for __rt_lib_init_heap_1
    libinit.o(.ARM.Collect$$libinit$$00000000) refers (Special) to libinit2.o(.ARM.Collect$$libinit$$00000011) for __rt_lib_init_lc_collate_1
    libinit.o(.ARM.Collect$$libinit$$00000000) refers (Special) to libinit2.o(.ARM.Collect$$libinit$$00000013) for __rt_lib_init_lc_ctype_1
    libinit.o(.ARM.Collect$$libinit$$00000000) refers (Special) to libinit2.o(.ARM.Collect$$libinit$$00000015) for __rt_lib_init_lc_monetary_1
    libinit.o(.ARM.Collect$$libinit$$00000000) refers (Special) to libinit2.o(.ARM.Collect$$libinit$$00000017) for __rt_lib_init_lc_numeric_1
    libinit.o(.ARM.Collect$$libinit$$00000000) refers (Special) to libinit2.o(.ARM.Collect$$libinit$$00000019) for __rt_lib_init_lc_time_1
    libinit.o(.ARM.Collect$$libinit$$00000000) refers (Special) to libinit2.o(.ARM.Collect$$libinit$$00000004) for __rt_lib_init_preinit_1
    libinit.o(.ARM.Collect$$libinit$$00000000) refers (Special) to libinit2.o(.ARM.Collect$$libinit$$0000000E) for __rt_lib_init_rand_1
    libinit.o(.ARM.Collect$$libinit$$00000000) refers (Special) to libinit2.o(.ARM.Collect$$libinit$$00000033) for __rt_lib_init_return
    libinit.o(.ARM.Collect$$libinit$$00000000) refers (Special) to libinit2.o(.ARM.Collect$$libinit$$0000001D) for __rt_lib_init_signal_1
    libinit.o(.ARM.Collect$$libinit$$00000000) refers (Special) to libinit2.o(.ARM.Collect$$libinit$$00000025) for __rt_lib_init_stdio_1
    libinit.o(.ARM.Collect$$libinit$$00000000) refers (Special) to libinit2.o(.ARM.Collect$$libinit$$0000000C) for __rt_lib_init_user_alloc_1
    libspace.o(.text) refers to libspace.o(.bss) for __libspace_start
    rtexit.o(.ARM.Collect$$rtexit$$00000000) refers (Special) to rtexit2.o(.ARM.Collect$$rtexit$$00000004) for __rt_exit_exit
    rtexit.o(.ARM.Collect$$rtexit$$00000000) refers (Special) to rtexit2.o(.ARM.Collect$$rtexit$$00000003) for __rt_exit_ls
    rtexit.o(.ARM.Collect$$rtexit$$00000000) refers (Special) to rtexit2.o(.ARM.Collect$$rtexit$$00000002) for __rt_exit_prels_1
    rtexit.o(.ARM.exidx) refers (Special) to rtexit2.o(.ARM.Collect$$rtexit$$00000004) for __rt_exit_exit
    rtexit.o(.ARM.exidx) refers (Special) to rtexit2.o(.ARM.Collect$$rtexit$$00000003) for __rt_exit_ls
    rtexit.o(.ARM.exidx) refers (Special) to rtexit2.o(.ARM.Collect$$rtexit$$00000002) for __rt_exit_prels_1
    rtexit.o(.ARM.exidx) refers to rtexit.o(.ARM.Collect$$rtexit$$00000000) for .ARM.Collect$$rtexit$$00000000
    libinit2.o(.ARM.Collect$$libinit$$00000001) refers to fpinit.o(x$fpl$fpinit) for _fp_init
    libinit2.o(.ARM.Collect$$libinit$$00000010) refers to libinit2.o(.ARM.Collect$$libinit$$0000000F) for .ARM.Collect$$libinit$$0000000F
    libinit2.o(.ARM.Collect$$libinit$$00000012) refers to libinit2.o(.ARM.Collect$$libinit$$0000000F) for .ARM.Collect$$libinit$$0000000F
    libinit2.o(.ARM.Collect$$libinit$$00000014) refers to libinit2.o(.ARM.Collect$$libinit$$0000000F) for .ARM.Collect$$libinit$$0000000F
    libinit2.o(.ARM.Collect$$libinit$$00000016) refers to libinit2.o(.ARM.Collect$$libinit$$0000000F) for .ARM.Collect$$libinit$$0000000F
    libinit2.o(.ARM.Collect$$libinit$$00000018) refers to libinit2.o(.ARM.Collect$$libinit$$0000000F) for .ARM.Collect$$libinit$$0000000F
    libinit2.o(.ARM.Collect$$libinit$$00000026) refers to argv_veneer.o(.emb_text) for __ARM_argv_veneer
    libinit2.o(.ARM.Collect$$libinit$$00000027) refers to argv_veneer.o(.emb_text) for __ARM_argv_veneer
    rtexit2.o(.ARM.Collect$$rtexit$$00000003) refers to libshutdown.o(.ARM.Collect$$libshutdown$$00000000) for __rt_lib_shutdown
    rtexit2.o(.ARM.Collect$$rtexit$$00000004) refers to sys_exit.o(.text) for _sys_exit
    rtexit2.o(.ARM.exidx) refers to rtexit2.o(.ARM.Collect$$rtexit$$00000001) for .ARM.Collect$$rtexit$$00000001
    rtexit2.o(.ARM.exidx) refers to rtexit2.o(.ARM.Collect$$rtexit$$00000003) for .ARM.Collect$$rtexit$$00000003
    rtexit2.o(.ARM.exidx) refers to rtexit2.o(.ARM.Collect$$rtexit$$00000004) for .ARM.Collect$$rtexit$$00000004
    argv_veneer.o(.emb_text) refers to no_argv.o(.text) for __ARM_get_argv
    sys_exit.o(.text) refers (Special) to use_no_semi.o(.text) for __I$use$semihosting
    sys_exit.o(.text) refers (Special) to indicate_semi.o(.text) for __semihosting_library_function
    sys_exit_hlt.o(.text) refers (Special) to use_no_semi.o(.text) for __I$use$semihosting
    sys_exit_hlt.o(.text) refers (Special) to indicate_semi.o(.text) for __semihosting_library_function
    _get_argv_nomalloc.o(.text) refers (Special) to hrguard.o(.text) for __heap_region$guard
    _get_argv_nomalloc.o(.text) refers to defsig_rtmem_outer.o(.text) for __rt_SIGRTMEM
    _get_argv_nomalloc.o(.text) refers to sys_command.o(.text) for _sys_command_string
    libshutdown.o(.ARM.Collect$$libshutdown$$00000000) refers (Special) to libshutdown2.o(.ARM.Collect$$libshutdown$$00000002) for __rt_lib_shutdown_cpp_1
    libshutdown.o(.ARM.Collect$$libshutdown$$00000000) refers (Special) to libshutdown2.o(.ARM.Collect$$libshutdown$$00000007) for __rt_lib_shutdown_fp_trap_1
    libshutdown.o(.ARM.Collect$$libshutdown$$00000000) refers (Special) to libshutdown2.o(.ARM.Collect$$libshutdown$$0000000F) for __rt_lib_shutdown_heap_1
    libshutdown.o(.ARM.Collect$$libshutdown$$00000000) refers (Special) to libshutdown2.o(.ARM.Collect$$libshutdown$$00000010) for __rt_lib_shutdown_return
    libshutdown.o(.ARM.Collect$$libshutdown$$00000000) refers (Special) to libshutdown2.o(.ARM.Collect$$libshutdown$$0000000A) for __rt_lib_shutdown_signal_1
    libshutdown.o(.ARM.Collect$$libshutdown$$00000000) refers (Special) to libshutdown2.o(.ARM.Collect$$libshutdown$$00000004) for __rt_lib_shutdown_stdio_1
    libshutdown.o(.ARM.Collect$$libshutdown$$00000000) refers (Special) to libshutdown2.o(.ARM.Collect$$libshutdown$$0000000C) for __rt_lib_shutdown_user_alloc_1
    sys_command.o(.text) refers (Special) to use_no_semi.o(.text) for __I$use$semihosting
    sys_command.o(.text) refers (Special) to indicate_semi.o(.text) for __semihosting_library_function
    sys_command_hlt.o(.text) refers (Special) to use_no_semi.o(.text) for __I$use$semihosting
    sys_command_hlt.o(.text) refers (Special) to indicate_semi.o(.text) for __semihosting_library_function
    defsig_rtmem_outer.o(.text) refers to defsig_rtmem_inner.o(.text) for __rt_SIGRTMEM_inner
    defsig_rtmem_outer.o(.text) refers to defsig_exit.o(.text) for __sig_exit
    defsig_rtmem_formal.o(.text) refers to rt_raise.o(.text) for __rt_raise
    rt_raise.o(.text) refers to __raise.o(.text) for __raise
    rt_raise.o(.text) refers to sys_exit.o(.text) for _sys_exit
    defsig_exit.o(.text) refers to sys_exit.o(.text) for _sys_exit
    defsig_rtmem_inner.o(.text) refers to defsig_general.o(.text) for __default_signal_display
    __raise.o(.text) refers to defsig.o(CL$$defsig) for __default_signal_handler
    defsig_general.o(.text) refers to sys_wrch.o(.text) for _ttywrch
    sys_wrch.o(.text) refers (Special) to use_no_semi.o(.text) for __I$use$semihosting
    sys_wrch.o(.text) refers (Special) to indicate_semi.o(.text) for __semihosting_library_function
    sys_wrch_hlt.o(.text) refers (Special) to use_no_semi.o(.text) for __I$use$semihosting
    sys_wrch_hlt.o(.text) refers (Special) to indicate_semi.o(.text) for __semihosting_library_function
    defsig.o(CL$$defsig) refers to defsig_rtmem_inner.o(.text) for __rt_SIGRTMEM_inner
    defsig_abrt_inner.o(.text) refers to defsig_general.o(.text) for __default_signal_display
    defsig_fpe_inner.o(.text) refers to defsig_general.o(.text) for __default_signal_display
    defsig_rtred_inner.o(.text) refers to defsig_general.o(.text) for __default_signal_display
    defsig_stak_inner.o(.text) refers to defsig_general.o(.text) for __default_signal_display
    defsig_pvfn_inner.o(.text) refers to defsig_general.o(.text) for __default_signal_display
    defsig_cppl_inner.o(.text) refers to defsig_general.o(.text) for __default_signal_display
    defsig_segv_inner.o(.text) refers to defsig_general.o(.text) for __default_signal_display
    defsig_other.o(.text) refers to defsig_general.o(.text) for __default_signal_display


==============================================================================

Removing Unused input sections from the image.

    Removing adc.o(.text), (0 bytes).
    Removing gpio.o(.text), (0 bytes).
    Removing gpio.o(.ARM.exidx.text.GPIO_setMode), (8 bytes).
    Removing gpio.o(.text.GPIO_setOutputType), (22 bytes).
    Removing gpio.o(.ARM.exidx.text.GPIO_setOutputType), (8 bytes).
    Removing gpio.o(.text.GPIO_setOutputSpeed), (24 bytes).
    Removing gpio.o(.ARM.exidx.text.GPIO_setOutputSpeed), (8 bytes).
    Removing gpio.o(.ARM.exidx.text.GPIO_setPullUpDown), (8 bytes).
    Removing gpio.o(.text.GPIO_setPin), (14 bytes).
    Removing gpio.o(.ARM.exidx.text.GPIO_setPin), (8 bytes).
    Removing gpio.o(.text.GPIO_resetPin), (16 bytes).
    Removing gpio.o(.ARM.exidx.text.GPIO_resetPin), (8 bytes).
    Removing gpio.o(.text.GPIO_togglePin), (14 bytes).
    Removing gpio.o(.ARM.exidx.text.GPIO_togglePin), (8 bytes).
    Removing gpio.o(.ARM.exidx.text.GPIO_readPin), (8 bytes).
    Removing gpio.o(.ARM.exidx.text.GPIO_setAlternateFunction), (8 bytes).
    Removing interrupt.o(.text), (0 bytes).
    Removing lenguyenkhanhlam.o(.text), (0 bytes).
    Removing lenguyenkhanhlam.o(.ARM.exidx.text.sysInit), (8 bytes).
    Removing lenguyenkhanhlam.o(.ARM.exidx.text.enaleClockModule), (8 bytes).
    Removing lenguyenkhanhlam.o(.ARM.exidx.text.configGPIO), (8 bytes).
    Removing lenguyenkhanhlam.o(.ARM.exidx.text.configTim), (8 bytes).
    Removing lenguyenkhanhlam.o(.text.configUsart), (128 bytes).
    Removing lenguyenkhanhlam.o(.ARM.exidx.text.configUsart), (8 bytes).
    Removing main.o(.text), (0 bytes).
    Removing main.o(.ARM.exidx.text.main), (8 bytes).
    Removing main.o(.ARM.exidx.text.USART2_IRQHandler), (8 bytes).
    Removing main.o(.ARM.exidx.text.sendData), (8 bytes).
    Removing main.o(.ARM.exidx.text.chay), (8 bytes).
    Removing main.o(.ARM.exidx.text.EXTI9_5_IRQHandler), (8 bytes).
    Removing main.o(.text.calculatePulses), (56 bytes).
    Removing main.o(.ARM.exidx.text.calculatePulses), (8 bytes).
    Removing main.o(.text.runPID), (692 bytes).
    Removing main.o(.ARM.exidx.text.runPID), (8 bytes).
    Removing main.o(.ARM.exidx.text.TIM4_IRQHandler), (8 bytes).
    Removing main.o(.bss.lastOutPutBase), (8 bytes).
    Removing main.o(.bss.outPutBase), (8 bytes).
    Removing main.o(.ARM.use_no_argv), (4 bytes).
    Removing spi.o(.text), (0 bytes).
    Removing systick.o(.text), (0 bytes).
    Removing systick.o(.ARM.exidx.text.configSysTickInt), (8 bytes).
    Removing systick.o(.text.delay), (68 bytes).
    Removing systick.o(.ARM.exidx.text.delay), (8 bytes).
    Removing timer.o(.text), (0 bytes).
    Removing timer.o(.ARM.exidx.text.TIM_Config), (8 bytes).
    Removing timer.o(.ARM.exidx.text.TIM_Stop), (8 bytes).
    Removing timer.o(.ARM.exidx.text.TIM_ClearUpdateInterruptFlag), (8 bytes).
    Removing timer.o(.ARM.exidx.text.TIM_Start), (8 bytes).
    Removing timer.o(.text.TIM_GetUpdateInterruptStatus), (8 bytes).
    Removing timer.o(.ARM.exidx.text.TIM_GetUpdateInterruptStatus), (8 bytes).
    Removing timer.o(.ARM.exidx.text.TIM_ConfigOutputCompare), (8 bytes).
    Removing timer.o(.text.TIM_SetDutyCycle), (46 bytes).
    Removing timer.o(.ARM.exidx.text.TIM_SetDutyCycle), (8 bytes).
    Removing timer.o(.ARM.exidx.text.TIM_EnableOutputCompare), (8 bytes).
    Removing timer.o(.text.TIM_DisableOutputCompare), (56 bytes).
    Removing timer.o(.ARM.exidx.text.TIM_DisableOutputCompare), (8 bytes).
    Removing timer.o(.text.TIM_ConfigInputCapture), (80 bytes).
    Removing timer.o(.ARM.exidx.text.TIM_ConfigInputCapture), (8 bytes).
    Removing timer.o(.text.TIM_ReadCapturedValue), (42 bytes).
    Removing timer.o(.ARM.exidx.text.TIM_ReadCapturedValue), (8 bytes).
    Removing timer.o(.text.TIM_ClearCaptureFlag), (44 bytes).
    Removing timer.o(.ARM.exidx.text.TIM_ClearCaptureFlag), (8 bytes).
    Removing uart.o(.text), (0 bytes).
    Removing uart.o(.ARM.exidx.text.compute_uart), (8 bytes).
    Removing uart.o(.ARM.exidx.text.uart_set_baudrate), (8 bytes).
    Removing uart.o(.text.UART_configureTX), (10 bytes).
    Removing uart.o(.ARM.exidx.text.UART_configureTX), (8 bytes).
    Removing uart.o(.text.UART_configureRX), (10 bytes).
    Removing uart.o(.ARM.exidx.text.UART_configureRX), (8 bytes).
    Removing uart.o(.ARM.exidx.text.USART_sendChar), (8 bytes).
    Removing uart.o(.ARM.exidx.text.USART_sendString), (8 bytes).
    Removing uart.o(.text.USART_read), (12 bytes).
    Removing uart.o(.ARM.exidx.text.USART_read), (8 bytes).
    Removing uart.o(.ARM.exidx.text.USART_receiveString), (8 bytes).
    Removing pid.o(.text), (0 bytes).
    Removing pid.o(.text.PID_Init), (122 bytes).
    Removing pid.o(.ARM.exidx.text.PID_Init), (8 bytes).
    Removing pid.o(.text.PID), (136 bytes).
    Removing pid.o(.ARM.exidx.text.PID), (8 bytes).
    Removing pid.o(.text.PID_SetOutputLimits), (250 bytes).
    Removing pid.o(.ARM.exidx.text.PID_SetOutputLimits), (8 bytes).
    Removing pid.o(.text.PID_SetControllerDirection), (160 bytes).
    Removing pid.o(.ARM.exidx.text.PID_SetControllerDirection), (8 bytes).
    Removing pid.o(.text.PID_SetTunings2), (392 bytes).
    Removing pid.o(.ARM.exidx.text.PID_SetTunings2), (8 bytes).
    Removing pid.o(.text.PID2), (24 bytes).
    Removing pid.o(.ARM.exidx.text.PID2), (8 bytes).
    Removing pid.o(.text.PID_Compute), (544 bytes).
    Removing pid.o(.ARM.exidx.text.PID_Compute), (8 bytes).
    Removing pid.o(.text.PID_SetMode), (34 bytes).
    Removing pid.o(.ARM.exidx.text.PID_SetMode), (8 bytes).
    Removing pid.o(.text.PID_GetMode), (10 bytes).
    Removing pid.o(.ARM.exidx.text.PID_GetMode), (8 bytes).
    Removing pid.o(.text.PID_SetTunings), (10 bytes).
    Removing pid.o(.ARM.exidx.text.PID_SetTunings), (8 bytes).
    Removing pid.o(.text.PID_GetDirection), (4 bytes).
    Removing pid.o(.ARM.exidx.text.PID_GetDirection), (8 bytes).
    Removing pid.o(.text.PID_SetSampleTime), (140 bytes).
    Removing pid.o(.ARM.exidx.text.PID_SetSampleTime), (8 bytes).
    Removing pid.o(.text.PID_GetKp), (16 bytes).
    Removing pid.o(.ARM.exidx.text.PID_GetKp), (8 bytes).
    Removing pid.o(.text.PID_GetKi), (16 bytes).
    Removing pid.o(.ARM.exidx.text.PID_GetKi), (8 bytes).
    Removing pid.o(.text.PID_GetKd), (16 bytes).
    Removing pid.o(.ARM.exidx.text.PID_GetKd), (8 bytes).
    Removing system_stm32f4xx.o(.text), (0 bytes).
    Removing system_stm32f4xx.o(.ARM.exidx.text.SystemInit), (8 bytes).
    Removing system_stm32f4xx.o(.text.SystemCoreClockUpdate), (126 bytes).
    Removing system_stm32f4xx.o(.ARM.exidx.text.SystemCoreClockUpdate), (8 bytes).
    Removing system_stm32f4xx.o(.data.SystemCoreClock), (4 bytes).
    Removing system_stm32f4xx.o(.rodata.AHBPrescTable), (16 bytes).
    Removing system_stm32f4xx.o(.rodata.APBPrescTable), (8 bytes).

112 unused section(s) (total 3878 bytes) removed from the image.

==============================================================================

Image Symbol Table

    Local Symbols

    Symbol Name                              Value     Ov Type        Size  Object(Section)

    ../clib/angel/boardlib.s                 0x00000000   Number         0  boardinit1.o ABSOLUTE
    ../clib/angel/boardlib.s                 0x00000000   Number         0  boardinit2.o ABSOLUTE
    ../clib/angel/boardlib.s                 0x00000000   Number         0  boardinit3.o ABSOLUTE
    ../clib/angel/boardlib.s                 0x00000000   Number         0  boardshut.o ABSOLUTE
    ../clib/angel/handlers.s                 0x00000000   Number         0  __scatter_zi.o ABSOLUTE
    ../clib/angel/kernel.s                   0x00000000   Number         0  __rtentry.o ABSOLUTE
    ../clib/angel/kernel.s                   0x00000000   Number         0  __rtentry2.o ABSOLUTE
    ../clib/angel/kernel.s                   0x00000000   Number         0  __rtentry4.o ABSOLUTE
    ../clib/angel/kernel.s                   0x00000000   Number         0  rtexit.o ABSOLUTE
    ../clib/angel/kernel.s                   0x00000000   Number         0  rtexit2.o ABSOLUTE
    ../clib/angel/rt.s                       0x00000000   Number         0  rt_raise.o ABSOLUTE
    ../clib/angel/scatter.s                  0x00000000   Number         0  __scatter.o ABSOLUTE
    ../clib/angel/startup.s                  0x00000000   Number         0  __main.o ABSOLUTE
    ../clib/angel/sys.s                      0x00000000   Number         0  sys_stackheap_outer.o ABSOLUTE
    ../clib/angel/sys.s                      0x00000000   Number         0  libspace.o ABSOLUTE
    ../clib/angel/sys.s                      0x00000000   Number         0  use_no_semi.o ABSOLUTE
    ../clib/angel/sys.s                      0x00000000   Number         0  indicate_semi.o ABSOLUTE
    ../clib/angel/sysapp.c                   0x00000000   Number         0  sys_exit.o ABSOLUTE
    ../clib/angel/sysapp.c                   0x00000000   Number         0  sys_exit_hlt.o ABSOLUTE
    ../clib/angel/sysapp.c                   0x00000000   Number         0  sys_command.o ABSOLUTE
    ../clib/angel/sysapp.c                   0x00000000   Number         0  sys_command_hlt.o ABSOLUTE
    ../clib/angel/sysapp.c                   0x00000000   Number         0  sys_wrch.o ABSOLUTE
    ../clib/angel/sysapp.c                   0x00000000   Number         0  sys_wrch_hlt.o ABSOLUTE
    ../clib/armsys.c                         0x00000000   Number         0  argv_veneer.o ABSOLUTE
    ../clib/armsys.c                         0x00000000   Number         0  argv_veneer.o ABSOLUTE
    ../clib/armsys.c                         0x00000000   Number         0  _get_argv_nomalloc.o ABSOLUTE
    ../clib/armsys.c                         0x00000000   Number         0  no_argv.o ABSOLUTE
    ../clib/heapalloc.c                      0x00000000   Number         0  hrguard.o ABSOLUTE
    ../clib/heapaux.c                        0x00000000   Number         0  heapauxi.o ABSOLUTE
    ../clib/libinit.s                        0x00000000   Number         0  libinit.o ABSOLUTE
    ../clib/libinit.s                        0x00000000   Number         0  libinit2.o ABSOLUTE
    ../clib/libinit.s                        0x00000000   Number         0  libshutdown.o ABSOLUTE
    ../clib/libinit.s                        0x00000000   Number         0  libshutdown2.o ABSOLUTE
    ../clib/printf.c                         0x00000000   Number         0  __2sprintf.o ABSOLUTE
    ../clib/printf.c                         0x00000000   Number         0  noretval__2sprintf.o ABSOLUTE
    ../clib/printf.c                         0x00000000   Number         0  __printf.o ABSOLUTE
    ../clib/printf.c                         0x00000000   Number         0  _printf_dec.o ABSOLUTE
    ../clib/printf.c                         0x00000000   Number         0  __printf_flags.o ABSOLUTE
    ../clib/printf.c                         0x00000000   Number         0  __printf_ss.o ABSOLUTE
    ../clib/printf.c                         0x00000000   Number         0  __printf_flags_ss.o ABSOLUTE
    ../clib/printf.c                         0x00000000   Number         0  __printf_wp.o ABSOLUTE
    ../clib/printf.c                         0x00000000   Number         0  __printf_flags_wp.o ABSOLUTE
    ../clib/printf.c                         0x00000000   Number         0  __printf_ss_wp.o ABSOLUTE
    ../clib/printf.c                         0x00000000   Number         0  __printf_flags_ss_wp.o ABSOLUTE
    ../clib/printf.c                         0x00000000   Number         0  _printf_intcommon.o ABSOLUTE
    ../clib/printf.c                         0x00000000   Number         0  _printf_char_common.o ABSOLUTE
    ../clib/printf.c                         0x00000000   Number         0  _sputc.o ABSOLUTE
    ../clib/printf.c                         0x00000000   Number         0  __printf_nopercent.o ABSOLUTE
    ../clib/printf_percent.s                 0x00000000   Number         0  _printf_d.o ABSOLUTE
    ../clib/printf_percent.s                 0x00000000   Number         0  _printf_percent.o ABSOLUTE
    ../clib/printf_percent.s                 0x00000000   Number         0  _printf_percent_end.o ABSOLUTE
    ../clib/signal.c                         0x00000000   Number         0  defsig_rtmem_outer.o ABSOLUTE
    ../clib/signal.c                         0x00000000   Number         0  defsig_rtmem_formal.o ABSOLUTE
    ../clib/signal.c                         0x00000000   Number         0  defsig_exit.o ABSOLUTE
    ../clib/signal.c                         0x00000000   Number         0  defsig_rtmem_inner.o ABSOLUTE
    ../clib/signal.c                         0x00000000   Number         0  __raise.o ABSOLUTE
    ../clib/signal.c                         0x00000000   Number         0  defsig_general.o ABSOLUTE
    ../clib/signal.c                         0x00000000   Number         0  defsig_abrt_inner.o ABSOLUTE
    ../clib/signal.c                         0x00000000   Number         0  defsig_fpe_inner.o ABSOLUTE
    ../clib/signal.c                         0x00000000   Number         0  defsig_rtred_inner.o ABSOLUTE
    ../clib/signal.c                         0x00000000   Number         0  defsig_stak_inner.o ABSOLUTE
    ../clib/signal.c                         0x00000000   Number         0  defsig_pvfn_inner.o ABSOLUTE
    ../clib/signal.c                         0x00000000   Number         0  defsig_cppl_inner.o ABSOLUTE
    ../clib/signal.c                         0x00000000   Number         0  defsig_segv_inner.o ABSOLUTE
    ../clib/signal.c                         0x00000000   Number         0  defsig_other.o ABSOLUTE
    ../clib/signal.s                         0x00000000   Number         0  defsig.o ABSOLUTE
    ../clib/stdlib.c                         0x00000000   Number         0  exit.o ABSOLUTE
    ../fplib/daddsub.s                       0x00000000   Number         0  daddsub_clz.o ABSOLUTE
    ../fplib/dcmp.s                          0x00000000   Number         0  dcmp.o ABSOLUTE
    ../fplib/dcmpi.s                         0x00000000   Number         0  dcmpi.o ABSOLUTE
    ../fplib/ddiv.s                          0x00000000   Number         0  ddiv.o ABSOLUTE
    ../fplib/deqf.s                          0x00000000   Number         0  deqf.o ABSOLUTE
    ../fplib/dfix.s                          0x00000000   Number         0  dfix.o ABSOLUTE
    ../fplib/dflt.s                          0x00000000   Number         0  dflt_clz.o ABSOLUTE
    ../fplib/dgeqf.s                         0x00000000   Number         0  dgeqf.o ABSOLUTE
    ../fplib/dleqf.s                         0x00000000   Number         0  dleqf.o ABSOLUTE
    ../fplib/dmul.s                          0x00000000   Number         0  dmul.o ABSOLUTE
    ../fplib/dnaninf.s                       0x00000000   Number         0  dnaninf.o ABSOLUTE
    ../fplib/dretinf.s                       0x00000000   Number         0  dretinf.o ABSOLUTE
    ../fplib/f2d.s                           0x00000000   Number         0  f2d.o ABSOLUTE
    ../fplib/fnaninf.s                       0x00000000   Number         0  fnaninf.o ABSOLUTE
    ../fplib/fpinit.s                        0x00000000   Number         0  fpinit.o ABSOLUTE
    ../fplib/usenofp.s                       0x00000000   Number         0  usenofp.o ABSOLUTE
    LeNguyenKhanhLam.c                       0x00000000   Number         0  lenguyenkhanhlam.o ABSOLUTE
    RTE/Device/STM32F446RETx/startup_stm32f446xx.s 0x00000000   Number         0  startup_stm32f446xx.o ABSOLUTE
    adc.c                                    0x00000000   Number         0  adc.o ABSOLUTE
    dc.s                                     0x00000000   Number         0  dc.o ABSOLUTE
    gpio.c                                   0x00000000   Number         0  gpio.o ABSOLUTE
    interrupt.c                              0x00000000   Number         0  interrupt.o ABSOLUTE
    main.c                                   0x00000000   Number         0  main.o ABSOLUTE
    pid.c                                    0x00000000   Number         0  pid.o ABSOLUTE
    spi.c                                    0x00000000   Number         0  spi.o ABSOLUTE
    sysTick.c                                0x00000000   Number         0  systick.o ABSOLUTE
    system_stm32f4xx.c                       0x00000000   Number         0  system_stm32f4xx.o ABSOLUTE
    timer.c                                  0x00000000   Number         0  timer.o ABSOLUTE
    uart.c                                   0x00000000   Number         0  uart.o ABSOLUTE
    RESET                                    0x08000000   Section      452  startup_stm32f446xx.o(RESET)
    !!!main                                  0x080001c4   Section        8  __main.o(!!!main)
    !!!scatter                               0x080001cc   Section       52  __scatter.o(!!!scatter)
    !!handler_zi                             0x08000200   Section       28  __scatter_zi.o(!!handler_zi)
    .ARM.Collect$$_printf_percent$$00000000  0x0800021c   Section        0  _printf_percent.o(.ARM.Collect$$_printf_percent$$00000000)
    .ARM.Collect$$_printf_percent$$00000009  0x0800021c   Section        6  _printf_d.o(.ARM.Collect$$_printf_percent$$00000009)
    .ARM.Collect$$_printf_percent$$00000017  0x08000222   Section        4  _printf_percent_end.o(.ARM.Collect$$_printf_percent$$00000017)
    .ARM.Collect$$libinit$$00000000          0x08000226   Section        2  libinit.o(.ARM.Collect$$libinit$$00000000)
    .ARM.Collect$$libinit$$00000001          0x08000228   Section        4  libinit2.o(.ARM.Collect$$libinit$$00000001)
    .ARM.Collect$$libinit$$00000004          0x0800022c   Section        0  libinit2.o(.ARM.Collect$$libinit$$00000004)
    .ARM.Collect$$libinit$$0000000A          0x0800022c   Section        0  libinit2.o(.ARM.Collect$$libinit$$0000000A)
    .ARM.Collect$$libinit$$0000000C          0x0800022c   Section        0  libinit2.o(.ARM.Collect$$libinit$$0000000C)
    .ARM.Collect$$libinit$$0000000E          0x0800022c   Section        0  libinit2.o(.ARM.Collect$$libinit$$0000000E)
    .ARM.Collect$$libinit$$00000011          0x0800022c   Section        0  libinit2.o(.ARM.Collect$$libinit$$00000011)
    .ARM.Collect$$libinit$$00000013          0x0800022c   Section        0  libinit2.o(.ARM.Collect$$libinit$$00000013)
    .ARM.Collect$$libinit$$00000015          0x0800022c   Section        0  libinit2.o(.ARM.Collect$$libinit$$00000015)
    .ARM.Collect$$libinit$$00000017          0x0800022c   Section        0  libinit2.o(.ARM.Collect$$libinit$$00000017)
    .ARM.Collect$$libinit$$00000019          0x0800022c   Section        0  libinit2.o(.ARM.Collect$$libinit$$00000019)
    .ARM.Collect$$libinit$$0000001B          0x0800022c   Section        0  libinit2.o(.ARM.Collect$$libinit$$0000001B)
    .ARM.Collect$$libinit$$0000001D          0x0800022c   Section        0  libinit2.o(.ARM.Collect$$libinit$$0000001D)
    .ARM.Collect$$libinit$$0000001F          0x0800022c   Section        0  libinit2.o(.ARM.Collect$$libinit$$0000001F)
    .ARM.Collect$$libinit$$00000021          0x0800022c   Section        0  libinit2.o(.ARM.Collect$$libinit$$00000021)
    .ARM.Collect$$libinit$$00000023          0x0800022c   Section        0  libinit2.o(.ARM.Collect$$libinit$$00000023)
    .ARM.Collect$$libinit$$00000025          0x0800022c   Section        0  libinit2.o(.ARM.Collect$$libinit$$00000025)
    .ARM.Collect$$libinit$$0000002C          0x0800022c   Section        0  libinit2.o(.ARM.Collect$$libinit$$0000002C)
    .ARM.Collect$$libinit$$0000002E          0x0800022c   Section        0  libinit2.o(.ARM.Collect$$libinit$$0000002E)
    .ARM.Collect$$libinit$$00000030          0x0800022c   Section        0  libinit2.o(.ARM.Collect$$libinit$$00000030)
    .ARM.Collect$$libinit$$00000032          0x0800022c   Section        0  libinit2.o(.ARM.Collect$$libinit$$00000032)
    .ARM.Collect$$libinit$$00000033          0x0800022c   Section        2  libinit2.o(.ARM.Collect$$libinit$$00000033)
    .ARM.Collect$$libshutdown$$00000000      0x0800022e   Section        2  libshutdown.o(.ARM.Collect$$libshutdown$$00000000)
    .ARM.Collect$$libshutdown$$00000002      0x08000230   Section        0  libshutdown2.o(.ARM.Collect$$libshutdown$$00000002)
    .ARM.Collect$$libshutdown$$00000004      0x08000230   Section        0  libshutdown2.o(.ARM.Collect$$libshutdown$$00000004)
    .ARM.Collect$$libshutdown$$00000007      0x08000230   Section        0  libshutdown2.o(.ARM.Collect$$libshutdown$$00000007)
    .ARM.Collect$$libshutdown$$0000000A      0x08000230   Section        0  libshutdown2.o(.ARM.Collect$$libshutdown$$0000000A)
    .ARM.Collect$$libshutdown$$0000000C      0x08000230   Section        0  libshutdown2.o(.ARM.Collect$$libshutdown$$0000000C)
    .ARM.Collect$$libshutdown$$0000000F      0x08000230   Section        0  libshutdown2.o(.ARM.Collect$$libshutdown$$0000000F)
    .ARM.Collect$$libshutdown$$00000010      0x08000230   Section        2  libshutdown2.o(.ARM.Collect$$libshutdown$$00000010)
    .ARM.Collect$$rtentry$$00000000          0x08000232   Section        0  __rtentry.o(.ARM.Collect$$rtentry$$00000000)
    .ARM.Collect$$rtentry$$00000002          0x08000232   Section        0  __rtentry2.o(.ARM.Collect$$rtentry$$00000002)
    .ARM.Collect$$rtentry$$00000004          0x08000232   Section        6  __rtentry4.o(.ARM.Collect$$rtentry$$00000004)
    .ARM.Collect$$rtentry$$00000009          0x08000238   Section        0  __rtentry2.o(.ARM.Collect$$rtentry$$00000009)
    .ARM.Collect$$rtentry$$0000000A          0x08000238   Section        4  __rtentry2.o(.ARM.Collect$$rtentry$$0000000A)
    .ARM.Collect$$rtentry$$0000000C          0x0800023c   Section        0  __rtentry2.o(.ARM.Collect$$rtentry$$0000000C)
    .ARM.Collect$$rtentry$$0000000D          0x0800023c   Section        8  __rtentry2.o(.ARM.Collect$$rtentry$$0000000D)
    .ARM.Collect$$rtexit$$00000000           0x08000244   Section        2  rtexit.o(.ARM.Collect$$rtexit$$00000000)
    .ARM.Collect$$rtexit$$00000002           0x08000246   Section        0  rtexit2.o(.ARM.Collect$$rtexit$$00000002)
    .ARM.Collect$$rtexit$$00000003           0x08000246   Section        4  rtexit2.o(.ARM.Collect$$rtexit$$00000003)
    .ARM.Collect$$rtexit$$00000004           0x0800024a   Section        6  rtexit2.o(.ARM.Collect$$rtexit$$00000004)
    $v0                                      0x08000250   Number         0  startup_stm32f446xx.o(.text)
    .text                                    0x08000250   Section       64  startup_stm32f446xx.o(.text)
    .text                                    0x08000290   Section        0  noretval__2sprintf.o(.text)
    .text                                    0x080002b8   Section        0  __printf.o(.text)
    .text                                    0x08000320   Section        0  _printf_dec.o(.text)
    .text                                    0x08000398   Section        0  heapauxi.o(.text)
    .text                                    0x0800039e   Section        0  _printf_intcommon.o(.text)
    _printf_input_char                       0x08000451   Thumb Code    10  _printf_char_common.o(.text)
    .text                                    0x08000450   Section        0  _printf_char_common.o(.text)
    .text                                    0x08000480   Section        0  _sputc.o(.text)
    .text                                    0x0800048a   Section       74  sys_stackheap_outer.o(.text)
    .text                                    0x080004d4   Section        0  exit.o(.text)
    .text                                    0x080004e8   Section        8  libspace.o(.text)
    .text                                    0x080004f0   Section        0  sys_exit.o(.text)
    .text                                    0x080004fc   Section        2  use_no_semi.o(.text)
    .text                                    0x080004fe   Section        0  indicate_semi.o(.text)
    [Anonymous Symbol]                       0x08000500   Section        0  main.o(.text.EXTI9_5_IRQHandler)
    [Anonymous Symbol]                       0x08000518   Section        0  gpio.o(.text.GPIO_readPin)
    [Anonymous Symbol]                       0x08000524   Section        0  gpio.o(.text.GPIO_setAlternateFunction)
    [Anonymous Symbol]                       0x08000558   Section        0  gpio.o(.text.GPIO_setMode)
    [Anonymous Symbol]                       0x08000574   Section        0  gpio.o(.text.GPIO_setPullUpDown)
    [Anonymous Symbol]                       0x0800058c   Section        0  system_stm32f4xx.o(.text.SystemInit)
    [Anonymous Symbol]                       0x080005a0   Section        0  main.o(.text.TIM4_IRQHandler)
    [Anonymous Symbol]                       0x080005cc   Section        0  timer.o(.text.TIM_ClearUpdateInterruptFlag)
    [Anonymous Symbol]                       0x080005d8   Section        0  timer.o(.text.TIM_Config)
    [Anonymous Symbol]                       0x08000600   Section        0  timer.o(.text.TIM_ConfigOutputCompare)
    [Anonymous Symbol]                       0x08000650   Section        0  timer.o(.text.TIM_EnableOutputCompare)
    [Anonymous Symbol]                       0x080006d0   Section        0  timer.o(.text.TIM_Start)
    [Anonymous Symbol]                       0x080006dc   Section        0  timer.o(.text.TIM_Stop)
    [Anonymous Symbol]                       0x080006e8   Section        0  main.o(.text.USART2_IRQHandler)
    [Anonymous Symbol]                       0x0800071c   Section        0  uart.o(.text.USART_receiveString)
    [Anonymous Symbol]                       0x0800075c   Section        0  uart.o(.text.USART_sendChar)
    [Anonymous Symbol]                       0x08000768   Section        0  uart.o(.text.USART_sendString)
    [Anonymous Symbol]                       0x0800078c   Section        0  main.o(.text.chay)
    [Anonymous Symbol]                       0x080007b8   Section        0  uart.o(.text.compute_uart)
    [Anonymous Symbol]                       0x080007c4   Section        0  lenguyenkhanhlam.o(.text.configGPIO)
    [Anonymous Symbol]                       0x08000848   Section        0  systick.o(.text.configSysTickInt)
    [Anonymous Symbol]                       0x08000870   Section        0  lenguyenkhanhlam.o(.text.configTim)
    [Anonymous Symbol]                       0x08000a40   Section        0  lenguyenkhanhlam.o(.text.enaleClockModule)
    [Anonymous Symbol]                       0x08000a98   Section        0  main.o(.text.main)
    [Anonymous Symbol]                       0x08000b7c   Section        0  main.o(.text.sendData)
    [Anonymous Symbol]                       0x08000bb4   Section        0  lenguyenkhanhlam.o(.text.sysInit)
    [Anonymous Symbol]                       0x08000bcc   Section        0  uart.o(.text.uart_set_baudrate)
    $v0                                      0x08000bdc   Number         0  fpinit.o(x$fpl$fpinit)
    x$fpl$fpinit                             0x08000bdc   Section       26  fpinit.o(x$fpl$fpinit)
    .bss                                     0x20000000   Section       96  libspace.o(.bss)
    E1                                       0x20000060   Data           8  main.o(.bss.E1)
    [Anonymous Symbol]                       0x20000060   Section        0  main.o(.bss.E1)
    E2                                       0x20000068   Data           8  main.o(.bss.E2)
    [Anonymous Symbol]                       0x20000068   Section        0  main.o(.bss.E2)
    Kd1                                      0x20000070   Data           8  main.o(.bss.Kd1)
    [Anonymous Symbol]                       0x20000070   Section        0  main.o(.bss.Kd1)
    Ki1                                      0x20000078   Data           8  main.o(.bss.Ki1)
    [Anonymous Symbol]                       0x20000078   Section        0  main.o(.bss.Ki1)
    Kp1                                      0x20000080   Data           8  main.o(.bss.Kp1)
    [Anonymous Symbol]                       0x20000080   Section        0  main.o(.bss.Kp1)
    T                                        0x20000088   Data           8  main.o(.bss.T)
    [Anonymous Symbol]                       0x20000088   Section        0  main.o(.bss.T)
    buff                                     0x20000090   Data         256  main.o(.bss.buff)
    [Anonymous Symbol]                       0x20000090   Section        0  main.o(.bss.buff)
    position                                 0x20000190   Data           4  main.o(.bss.position)
    [Anonymous Symbol]                       0x20000190   Section        0  main.o(.bss.position)
    Heap_Mem                                 0x20000198   Data         512  startup_stm32f446xx.o(HEAP)
    HEAP                                     0x20000198   Section      512  startup_stm32f446xx.o(HEAP)
    Stack_Mem                                0x20000398   Data        1024  startup_stm32f446xx.o(STACK)
    STACK                                    0x20000398   Section     1024  startup_stm32f446xx.o(STACK)
    __initial_sp                             0x20000798   Data           0  startup_stm32f446xx.o(STACK)

    Global Symbols

    Symbol Name                              Value     Ov Type        Size  Object(Section)

    BuildAttributes$$THM_ISAv4$E$P$D$K$B$S$7EM$VFPi3$EXTD16$VFPS$VFMA$PE$A:L22UL41UL21$X:L11$S22US41US21$IEEE1$IW$~IW$USESV6$~STKCKD$USESV7$~SHL$OTIME$ROPI$EBA8$UX$STANDARDLIB$REQ8$PRES8$EABIv2 0x00000000   Number         0  anon$$obj.o ABSOLUTE
    __ARM_exceptions_init                     - Undefined Weak Reference
    __alloca_initialize                       - Undefined Weak Reference
    __arm_preinit_                            - Undefined Weak Reference
    __cpp_initialize__aeabi_                  - Undefined Weak Reference
    __cxa_finalize                            - Undefined Weak Reference
    __rt_locale                               - Undefined Weak Reference
    __sigvec_lookup                           - Undefined Weak Reference
    _atexit_init                              - Undefined Weak Reference
    _call_atexit_fns                          - Undefined Weak Reference
    _clock_init                               - Undefined Weak Reference
    _fp_trap_init                             - Undefined Weak Reference
    _fp_trap_shutdown                         - Undefined Weak Reference
    _get_lc_collate                           - Undefined Weak Reference
    _get_lc_ctype                             - Undefined Weak Reference
    _get_lc_monetary                          - Undefined Weak Reference
    _get_lc_numeric                           - Undefined Weak Reference
    _get_lc_time                              - Undefined Weak Reference
    _getenv_init                              - Undefined Weak Reference
    _handle_redirection                       - Undefined Weak Reference
    _init_alloc                               - Undefined Weak Reference
    _init_user_alloc                          - Undefined Weak Reference
    _initio                                   - Undefined Weak Reference
    _printf_post_padding                      - Undefined Weak Reference
    _printf_pre_padding                       - Undefined Weak Reference
    _printf_truncate_signed                   - Undefined Weak Reference
    _printf_truncate_unsigned                 - Undefined Weak Reference
    _rand_init                                - Undefined Weak Reference
    _signal_finish                            - Undefined Weak Reference
    _signal_init                              - Undefined Weak Reference
    _terminate_alloc                          - Undefined Weak Reference
    _terminate_user_alloc                     - Undefined Weak Reference
    _terminateio                              - Undefined Weak Reference
    __Vectors_Size                           0x000001c4   Number         0  startup_stm32f446xx.o ABSOLUTE
    __Vectors                                0x08000000   Data           4  startup_stm32f446xx.o(RESET)
    __Vectors_End                            0x080001c4   Data           0  startup_stm32f446xx.o(RESET)
    __main                                   0x080001c5   Thumb Code     8  __main.o(!!!main)
    __scatterload                            0x080001cd   Thumb Code     0  __scatter.o(!!!scatter)
    __scatterload_rt2                        0x080001cd   Thumb Code    44  __scatter.o(!!!scatter)
    __scatterload_rt2_thumb_only             0x080001cd   Thumb Code     0  __scatter.o(!!!scatter)
    __scatterload_null                       0x080001db   Thumb Code     0  __scatter.o(!!!scatter)
    __scatterload_zeroinit                   0x08000201   Thumb Code    28  __scatter_zi.o(!!handler_zi)
    _printf_d                                0x0800021d   Thumb Code     0  _printf_d.o(.ARM.Collect$$_printf_percent$$00000009)
    _printf_percent                          0x0800021d   Thumb Code     0  _printf_percent.o(.ARM.Collect$$_printf_percent$$00000000)
    _printf_percent_end                      0x08000223   Thumb Code     0  _printf_percent_end.o(.ARM.Collect$$_printf_percent$$00000017)
    __rt_lib_init                            0x08000227   Thumb Code     0  libinit.o(.ARM.Collect$$libinit$$00000000)
    __rt_lib_init_fp_1                       0x08000229   Thumb Code     0  libinit2.o(.ARM.Collect$$libinit$$00000001)
    __rt_lib_init_alloca_1                   0x0800022d   Thumb Code     0  libinit2.o(.ARM.Collect$$libinit$$0000002E)
    __rt_lib_init_argv_1                     0x0800022d   Thumb Code     0  libinit2.o(.ARM.Collect$$libinit$$0000002C)
    __rt_lib_init_atexit_1                   0x0800022d   Thumb Code     0  libinit2.o(.ARM.Collect$$libinit$$0000001B)
    __rt_lib_init_clock_1                    0x0800022d   Thumb Code     0  libinit2.o(.ARM.Collect$$libinit$$00000021)
    __rt_lib_init_cpp_1                      0x0800022d   Thumb Code     0  libinit2.o(.ARM.Collect$$libinit$$00000032)
    __rt_lib_init_exceptions_1               0x0800022d   Thumb Code     0  libinit2.o(.ARM.Collect$$libinit$$00000030)
    __rt_lib_init_fp_trap_1                  0x0800022d   Thumb Code     0  libinit2.o(.ARM.Collect$$libinit$$0000001F)
    __rt_lib_init_getenv_1                   0x0800022d   Thumb Code     0  libinit2.o(.ARM.Collect$$libinit$$00000023)
    __rt_lib_init_heap_1                     0x0800022d   Thumb Code     0  libinit2.o(.ARM.Collect$$libinit$$0000000A)
    __rt_lib_init_lc_collate_1               0x0800022d   Thumb Code     0  libinit2.o(.ARM.Collect$$libinit$$00000011)
    __rt_lib_init_lc_ctype_1                 0x0800022d   Thumb Code     0  libinit2.o(.ARM.Collect$$libinit$$00000013)
    __rt_lib_init_lc_monetary_1              0x0800022d   Thumb Code     0  libinit2.o(.ARM.Collect$$libinit$$00000015)
    __rt_lib_init_lc_numeric_1               0x0800022d   Thumb Code     0  libinit2.o(.ARM.Collect$$libinit$$00000017)
    __rt_lib_init_lc_time_1                  0x0800022d   Thumb Code     0  libinit2.o(.ARM.Collect$$libinit$$00000019)
    __rt_lib_init_preinit_1                  0x0800022d   Thumb Code     0  libinit2.o(.ARM.Collect$$libinit$$00000004)
    __rt_lib_init_rand_1                     0x0800022d   Thumb Code     0  libinit2.o(.ARM.Collect$$libinit$$0000000E)
    __rt_lib_init_return                     0x0800022d   Thumb Code     0  libinit2.o(.ARM.Collect$$libinit$$00000033)
    __rt_lib_init_signal_1                   0x0800022d   Thumb Code     0  libinit2.o(.ARM.Collect$$libinit$$0000001D)
    __rt_lib_init_stdio_1                    0x0800022d   Thumb Code     0  libinit2.o(.ARM.Collect$$libinit$$00000025)
    __rt_lib_init_user_alloc_1               0x0800022d   Thumb Code     0  libinit2.o(.ARM.Collect$$libinit$$0000000C)
    __rt_lib_shutdown                        0x0800022f   Thumb Code     0  libshutdown.o(.ARM.Collect$$libshutdown$$00000000)
    __rt_lib_shutdown_cpp_1                  0x08000231   Thumb Code     0  libshutdown2.o(.ARM.Collect$$libshutdown$$00000002)
    __rt_lib_shutdown_fp_trap_1              0x08000231   Thumb Code     0  libshutdown2.o(.ARM.Collect$$libshutdown$$00000007)
    __rt_lib_shutdown_heap_1                 0x08000231   Thumb Code     0  libshutdown2.o(.ARM.Collect$$libshutdown$$0000000F)
    __rt_lib_shutdown_return                 0x08000231   Thumb Code     0  libshutdown2.o(.ARM.Collect$$libshutdown$$00000010)
    __rt_lib_shutdown_signal_1               0x08000231   Thumb Code     0  libshutdown2.o(.ARM.Collect$$libshutdown$$0000000A)
    __rt_lib_shutdown_stdio_1                0x08000231   Thumb Code     0  libshutdown2.o(.ARM.Collect$$libshutdown$$00000004)
    __rt_lib_shutdown_user_alloc_1           0x08000231   Thumb Code     0  libshutdown2.o(.ARM.Collect$$libshutdown$$0000000C)
    __rt_entry                               0x08000233   Thumb Code     0  __rtentry.o(.ARM.Collect$$rtentry$$00000000)
    __rt_entry_presh_1                       0x08000233   Thumb Code     0  __rtentry2.o(.ARM.Collect$$rtentry$$00000002)
    __rt_entry_sh                            0x08000233   Thumb Code     0  __rtentry4.o(.ARM.Collect$$rtentry$$00000004)
    __rt_entry_li                            0x08000239   Thumb Code     0  __rtentry2.o(.ARM.Collect$$rtentry$$0000000A)
    __rt_entry_postsh_1                      0x08000239   Thumb Code     0  __rtentry2.o(.ARM.Collect$$rtentry$$00000009)
    __rt_entry_main                          0x0800023d   Thumb Code     0  __rtentry2.o(.ARM.Collect$$rtentry$$0000000D)
    __rt_entry_postli_1                      0x0800023d   Thumb Code     0  __rtentry2.o(.ARM.Collect$$rtentry$$0000000C)
    __rt_exit                                0x08000245   Thumb Code     0  rtexit.o(.ARM.Collect$$rtexit$$00000000)
    __rt_exit_ls                             0x08000247   Thumb Code     0  rtexit2.o(.ARM.Collect$$rtexit$$00000003)
    __rt_exit_prels_1                        0x08000247   Thumb Code     0  rtexit2.o(.ARM.Collect$$rtexit$$00000002)
    __rt_exit_exit                           0x0800024b   Thumb Code     0  rtexit2.o(.ARM.Collect$$rtexit$$00000004)
    Reset_Handler                            0x08000251   Thumb Code     8  startup_stm32f446xx.o(.text)
    NMI_Handler                              0x08000259   Thumb Code     2  startup_stm32f446xx.o(.text)
    HardFault_Handler                        0x0800025b   Thumb Code     2  startup_stm32f446xx.o(.text)
    MemManage_Handler                        0x0800025d   Thumb Code     2  startup_stm32f446xx.o(.text)
    BusFault_Handler                         0x0800025f   Thumb Code     2  startup_stm32f446xx.o(.text)
    UsageFault_Handler                       0x08000261   Thumb Code     2  startup_stm32f446xx.o(.text)
    SVC_Handler                              0x08000263   Thumb Code     2  startup_stm32f446xx.o(.text)
    DebugMon_Handler                         0x08000265   Thumb Code     2  startup_stm32f446xx.o(.text)
    PendSV_Handler                           0x08000267   Thumb Code     2  startup_stm32f446xx.o(.text)
    SysTick_Handler                          0x08000269   Thumb Code     2  startup_stm32f446xx.o(.text)
    ADC_IRQHandler                           0x0800026b   Thumb Code     0  startup_stm32f446xx.o(.text)
    CAN1_RX0_IRQHandler                      0x0800026b   Thumb Code     0  startup_stm32f446xx.o(.text)
    CAN1_RX1_IRQHandler                      0x0800026b   Thumb Code     0  startup_stm32f446xx.o(.text)
    CAN1_SCE_IRQHandler                      0x0800026b   Thumb Code     0  startup_stm32f446xx.o(.text)
    CAN1_TX_IRQHandler                       0x0800026b   Thumb Code     0  startup_stm32f446xx.o(.text)
    CAN2_RX0_IRQHandler                      0x0800026b   Thumb Code     0  startup_stm32f446xx.o(.text)
    CAN2_RX1_IRQHandler                      0x0800026b   Thumb Code     0  startup_stm32f446xx.o(.text)
    CAN2_SCE_IRQHandler                      0x0800026b   Thumb Code     0  startup_stm32f446xx.o(.text)
    CAN2_TX_IRQHandler                       0x0800026b   Thumb Code     0  startup_stm32f446xx.o(.text)
    CEC_IRQHandler                           0x0800026b   Thumb Code     0  startup_stm32f446xx.o(.text)
    DCMI_IRQHandler                          0x0800026b   Thumb Code     0  startup_stm32f446xx.o(.text)
    DMA1_Stream0_IRQHandler                  0x0800026b   Thumb Code     0  startup_stm32f446xx.o(.text)
    DMA1_Stream1_IRQHandler                  0x0800026b   Thumb Code     0  startup_stm32f446xx.o(.text)
    DMA1_Stream2_IRQHandler                  0x0800026b   Thumb Code     0  startup_stm32f446xx.o(.text)
    DMA1_Stream3_IRQHandler                  0x0800026b   Thumb Code     0  startup_stm32f446xx.o(.text)
    DMA1_Stream4_IRQHandler                  0x0800026b   Thumb Code     0  startup_stm32f446xx.o(.text)
    DMA1_Stream5_IRQHandler                  0x0800026b   Thumb Code     0  startup_stm32f446xx.o(.text)
    DMA1_Stream6_IRQHandler                  0x0800026b   Thumb Code     0  startup_stm32f446xx.o(.text)
    DMA1_Stream7_IRQHandler                  0x0800026b   Thumb Code     0  startup_stm32f446xx.o(.text)
    DMA2_Stream0_IRQHandler                  0x0800026b   Thumb Code     0  startup_stm32f446xx.o(.text)
    DMA2_Stream1_IRQHandler                  0x0800026b   Thumb Code     0  startup_stm32f446xx.o(.text)
    DMA2_Stream2_IRQHandler                  0x0800026b   Thumb Code     0  startup_stm32f446xx.o(.text)
    DMA2_Stream3_IRQHandler                  0x0800026b   Thumb Code     0  startup_stm32f446xx.o(.text)
    DMA2_Stream4_IRQHandler                  0x0800026b   Thumb Code     0  startup_stm32f446xx.o(.text)
    DMA2_Stream5_IRQHandler                  0x0800026b   Thumb Code     0  startup_stm32f446xx.o(.text)
    DMA2_Stream6_IRQHandler                  0x0800026b   Thumb Code     0  startup_stm32f446xx.o(.text)
    DMA2_Stream7_IRQHandler                  0x0800026b   Thumb Code     0  startup_stm32f446xx.o(.text)
    EXTI0_IRQHandler                         0x0800026b   Thumb Code     0  startup_stm32f446xx.o(.text)
    EXTI15_10_IRQHandler                     0x0800026b   Thumb Code     0  startup_stm32f446xx.o(.text)
    EXTI1_IRQHandler                         0x0800026b   Thumb Code     0  startup_stm32f446xx.o(.text)
    EXTI2_IRQHandler                         0x0800026b   Thumb Code     0  startup_stm32f446xx.o(.text)
    EXTI3_IRQHandler                         0x0800026b   Thumb Code     0  startup_stm32f446xx.o(.text)
    EXTI4_IRQHandler                         0x0800026b   Thumb Code     0  startup_stm32f446xx.o(.text)
    FLASH_IRQHandler                         0x0800026b   Thumb Code     0  startup_stm32f446xx.o(.text)
    FMC_IRQHandler                           0x0800026b   Thumb Code     0  startup_stm32f446xx.o(.text)
    FMPI2C1_ER_IRQHandler                    0x0800026b   Thumb Code     0  startup_stm32f446xx.o(.text)
    FMPI2C1_EV_IRQHandler                    0x0800026b   Thumb Code     0  startup_stm32f446xx.o(.text)
    FPU_IRQHandler                           0x0800026b   Thumb Code     0  startup_stm32f446xx.o(.text)
    I2C1_ER_IRQHandler                       0x0800026b   Thumb Code     0  startup_stm32f446xx.o(.text)
    I2C1_EV_IRQHandler                       0x0800026b   Thumb Code     0  startup_stm32f446xx.o(.text)
    I2C2_ER_IRQHandler                       0x0800026b   Thumb Code     0  startup_stm32f446xx.o(.text)
    I2C2_EV_IRQHandler                       0x0800026b   Thumb Code     0  startup_stm32f446xx.o(.text)
    I2C3_ER_IRQHandler                       0x0800026b   Thumb Code     0  startup_stm32f446xx.o(.text)
    I2C3_EV_IRQHandler                       0x0800026b   Thumb Code     0  startup_stm32f446xx.o(.text)
    OTG_FS_IRQHandler                        0x0800026b   Thumb Code     0  startup_stm32f446xx.o(.text)
    OTG_FS_WKUP_IRQHandler                   0x0800026b   Thumb Code     0  startup_stm32f446xx.o(.text)
    OTG_HS_EP1_IN_IRQHandler                 0x0800026b   Thumb Code     0  startup_stm32f446xx.o(.text)
    OTG_HS_EP1_OUT_IRQHandler                0x0800026b   Thumb Code     0  startup_stm32f446xx.o(.text)
    OTG_HS_IRQHandler                        0x0800026b   Thumb Code     0  startup_stm32f446xx.o(.text)
    OTG_HS_WKUP_IRQHandler                   0x0800026b   Thumb Code     0  startup_stm32f446xx.o(.text)
    PVD_IRQHandler                           0x0800026b   Thumb Code     0  startup_stm32f446xx.o(.text)
    QUADSPI_IRQHandler                       0x0800026b   Thumb Code     0  startup_stm32f446xx.o(.text)
    RCC_IRQHandler                           0x0800026b   Thumb Code     0  startup_stm32f446xx.o(.text)
    RTC_Alarm_IRQHandler                     0x0800026b   Thumb Code     0  startup_stm32f446xx.o(.text)
    RTC_WKUP_IRQHandler                      0x0800026b   Thumb Code     0  startup_stm32f446xx.o(.text)
    SAI1_IRQHandler                          0x0800026b   Thumb Code     0  startup_stm32f446xx.o(.text)
    SAI2_IRQHandler                          0x0800026b   Thumb Code     0  startup_stm32f446xx.o(.text)
    SDIO_IRQHandler                          0x0800026b   Thumb Code     0  startup_stm32f446xx.o(.text)
    SPDIF_RX_IRQHandler                      0x0800026b   Thumb Code     0  startup_stm32f446xx.o(.text)
    SPI1_IRQHandler                          0x0800026b   Thumb Code     0  startup_stm32f446xx.o(.text)
    SPI2_IRQHandler                          0x0800026b   Thumb Code     0  startup_stm32f446xx.o(.text)
    SPI3_IRQHandler                          0x0800026b   Thumb Code     0  startup_stm32f446xx.o(.text)
    SPI4_IRQHandler                          0x0800026b   Thumb Code     0  startup_stm32f446xx.o(.text)
    TAMP_STAMP_IRQHandler                    0x0800026b   Thumb Code     0  startup_stm32f446xx.o(.text)
    TIM1_BRK_TIM9_IRQHandler                 0x0800026b   Thumb Code     0  startup_stm32f446xx.o(.text)
    TIM1_CC_IRQHandler                       0x0800026b   Thumb Code     0  startup_stm32f446xx.o(.text)
    TIM1_TRG_COM_TIM11_IRQHandler            0x0800026b   Thumb Code     0  startup_stm32f446xx.o(.text)
    TIM1_UP_TIM10_IRQHandler                 0x0800026b   Thumb Code     0  startup_stm32f446xx.o(.text)
    TIM2_IRQHandler                          0x0800026b   Thumb Code     0  startup_stm32f446xx.o(.text)
    TIM3_IRQHandler                          0x0800026b   Thumb Code     0  startup_stm32f446xx.o(.text)
    TIM5_IRQHandler                          0x0800026b   Thumb Code     0  startup_stm32f446xx.o(.text)
    TIM6_DAC_IRQHandler                      0x0800026b   Thumb Code     0  startup_stm32f446xx.o(.text)
    TIM7_IRQHandler                          0x0800026b   Thumb Code     0  startup_stm32f446xx.o(.text)
    TIM8_BRK_TIM12_IRQHandler                0x0800026b   Thumb Code     0  startup_stm32f446xx.o(.text)
    TIM8_CC_IRQHandler                       0x0800026b   Thumb Code     0  startup_stm32f446xx.o(.text)
    TIM8_TRG_COM_TIM14_IRQHandler            0x0800026b   Thumb Code     0  startup_stm32f446xx.o(.text)
    TIM8_UP_TIM13_IRQHandler                 0x0800026b   Thumb Code     0  startup_stm32f446xx.o(.text)
    UART4_IRQHandler                         0x0800026b   Thumb Code     0  startup_stm32f446xx.o(.text)
    UART5_IRQHandler                         0x0800026b   Thumb Code     0  startup_stm32f446xx.o(.text)
    USART1_IRQHandler                        0x0800026b   Thumb Code     0  startup_stm32f446xx.o(.text)
    USART3_IRQHandler                        0x0800026b   Thumb Code     0  startup_stm32f446xx.o(.text)
    USART6_IRQHandler                        0x0800026b   Thumb Code     0  startup_stm32f446xx.o(.text)
    WWDG_IRQHandler                          0x0800026b   Thumb Code     0  startup_stm32f446xx.o(.text)
    __user_initial_stackheap                 0x0800026d   Thumb Code     0  startup_stm32f446xx.o(.text)
    __2sprintf                               0x08000291   Thumb Code    34  noretval__2sprintf.o(.text)
    __printf                                 0x080002b9   Thumb Code   104  __printf.o(.text)
    _printf_int_dec                          0x08000321   Thumb Code   104  _printf_dec.o(.text)
    __use_two_region_memory                  0x08000399   Thumb Code     2  heapauxi.o(.text)
    __rt_heap_escrow$2region                 0x0800039b   Thumb Code     2  heapauxi.o(.text)
    __rt_heap_expand$2region                 0x0800039d   Thumb Code     2  heapauxi.o(.text)
    _printf_int_common                       0x0800039f   Thumb Code   178  _printf_intcommon.o(.text)
    _printf_char_common                      0x0800045b   Thumb Code    32  _printf_char_common.o(.text)
    _sputc                                   0x08000481   Thumb Code    10  _sputc.o(.text)
    __user_setup_stackheap                   0x0800048b   Thumb Code    74  sys_stackheap_outer.o(.text)
    exit                                     0x080004d5   Thumb Code    18  exit.o(.text)
    __user_libspace                          0x080004e9   Thumb Code     8  libspace.o(.text)
    __user_perproc_libspace                  0x080004e9   Thumb Code     0  libspace.o(.text)
    __user_perthread_libspace                0x080004e9   Thumb Code     0  libspace.o(.text)
    _sys_exit                                0x080004f1   Thumb Code     8  sys_exit.o(.text)
    __I$use$semihosting                      0x080004fd   Thumb Code     0  use_no_semi.o(.text)
    __use_no_semihosting_swi                 0x080004fd   Thumb Code     2  use_no_semi.o(.text)
    __semihosting_library_function           0x080004ff   Thumb Code     0  indicate_semi.o(.text)
    EXTI9_5_IRQHandler                       0x08000501   Thumb Code    24  main.o(.text.EXTI9_5_IRQHandler)
    GPIO_readPin                             0x08000519   Thumb Code    12  gpio.o(.text.GPIO_readPin)
    GPIO_setAlternateFunction                0x08000525   Thumb Code    50  gpio.o(.text.GPIO_setAlternateFunction)
    GPIO_setMode                             0x08000559   Thumb Code    28  gpio.o(.text.GPIO_setMode)
    GPIO_setPullUpDown                       0x08000575   Thumb Code    24  gpio.o(.text.GPIO_setPullUpDown)
    SystemInit                               0x0800058d   Thumb Code    18  system_stm32f4xx.o(.text.SystemInit)
    TIM4_IRQHandler                          0x080005a1   Thumb Code    44  main.o(.text.TIM4_IRQHandler)
    TIM_ClearUpdateInterruptFlag             0x080005cd   Thumb Code    10  timer.o(.text.TIM_ClearUpdateInterruptFlag)
    TIM_Config                               0x080005d9   Thumb Code    40  timer.o(.text.TIM_Config)
    TIM_ConfigOutputCompare                  0x08000601   Thumb Code    80  timer.o(.text.TIM_ConfigOutputCompare)
    TIM_EnableOutputCompare                  0x08000651   Thumb Code   128  timer.o(.text.TIM_EnableOutputCompare)
    TIM_Start                                0x080006d1   Thumb Code    10  timer.o(.text.TIM_Start)
    TIM_Stop                                 0x080006dd   Thumb Code    10  timer.o(.text.TIM_Stop)
    USART2_IRQHandler                        0x080006e9   Thumb Code    50  main.o(.text.USART2_IRQHandler)
    USART_receiveString                      0x0800071d   Thumb Code    64  uart.o(.text.USART_receiveString)
    USART_sendChar                           0x0800075d   Thumb Code    10  uart.o(.text.USART_sendChar)
    USART_sendString                         0x08000769   Thumb Code    34  uart.o(.text.USART_sendString)
    chay                                     0x0800078d   Thumb Code    42  main.o(.text.chay)
    compute_uart                             0x080007b9   Thumb Code    10  uart.o(.text.compute_uart)
    configGPIO                               0x080007c5   Thumb Code   132  lenguyenkhanhlam.o(.text.configGPIO)
    configSysTickInt                         0x08000849   Thumb Code    38  systick.o(.text.configSysTickInt)
    configTim                                0x08000871   Thumb Code   462  lenguyenkhanhlam.o(.text.configTim)
    enaleClockModule                         0x08000a41   Thumb Code    86  lenguyenkhanhlam.o(.text.enaleClockModule)
    main                                     0x08000a99   Thumb Code   228  main.o(.text.main)
    sendData                                 0x08000b7d   Thumb Code    56  main.o(.text.sendData)
    sysInit                                  0x08000bb5   Thumb Code    22  lenguyenkhanhlam.o(.text.sysInit)
    uart_set_baudrate                        0x08000bcd   Thumb Code    16  uart.o(.text.uart_set_baudrate)
    _fp_init                                 0x08000bdd   Thumb Code    26  fpinit.o(x$fpl$fpinit)
    __fplib_config_fpu_vfp                   0x08000bf5   Thumb Code     0  fpinit.o(x$fpl$fpinit)
    __fplib_config_pureend_doubles           0x08000bf5   Thumb Code     0  fpinit.o(x$fpl$fpinit)
    Region$$Table$$Base                      0x08000bf8   Number         0  anon$$obj.o(Region$$Table)
    Region$$Table$$Limit                     0x08000c08   Number         0  anon$$obj.o(Region$$Table)
    __libspace_start                         0x20000000   Data          96  libspace.o(.bss)
    __temporary_stack_top$libspace           0x20000060   Data           0  libspace.o(.bss)



==============================================================================

Memory Map of the image

  Image Entry point : 0x080001c5

  Load Region LR_IROM1 (Base: 0x08000000, Size: 0x00000c08, Max: 0x00080000, ABSOLUTE)

    Execution Region ER_IROM1 (Exec base: 0x08000000, Load base: 0x08000000, Size: 0x00000c08, Max: 0x00080000, ABSOLUTE)

    Exec Addr    Load Addr    Size         Type   Attr      Idx    E Section Name        Object

    0x08000000   0x08000000   0x000001c4   Data   RO          190    RESET               startup_stm32f446xx.o
    0x080001c4   0x080001c4   0x00000008   Code   RO          246  * !!!main             c_w.l(__main.o)
    0x080001cc   0x080001cc   0x00000034   Code   RO          459    !!!scatter          c_w.l(__scatter.o)
    0x08000200   0x08000200   0x0000001c   Code   RO          461    !!handler_zi        c_w.l(__scatter_zi.o)
    0x0800021c   0x0800021c   0x00000000   Code   RO          243    .ARM.Collect$$_printf_percent$$00000000  c_w.l(_printf_percent.o)
    0x0800021c   0x0800021c   0x00000006   Code   RO          242    .ARM.Collect$$_printf_percent$$00000009  c_w.l(_printf_d.o)
    0x08000222   0x08000222   0x00000004   Code   RO          281    .ARM.Collect$$_printf_percent$$00000017  c_w.l(_printf_percent_end.o)
    0x08000226   0x08000226   0x00000002   Code   RO          323    .ARM.Collect$$libinit$$00000000  c_w.l(libinit.o)
    0x08000228   0x08000228   0x00000004   Code   RO          329    .ARM.Collect$$libinit$$00000001  c_w.l(libinit2.o)
    0x0800022c   0x0800022c   0x00000000   Code   RO          332    .ARM.Collect$$libinit$$00000004  c_w.l(libinit2.o)
    0x0800022c   0x0800022c   0x00000000   Code   RO          335    .ARM.Collect$$libinit$$0000000A  c_w.l(libinit2.o)
    0x0800022c   0x0800022c   0x00000000   Code   RO          337    .ARM.Collect$$libinit$$0000000C  c_w.l(libinit2.o)
    0x0800022c   0x0800022c   0x00000000   Code   RO          339    .ARM.Collect$$libinit$$0000000E  c_w.l(libinit2.o)
    0x0800022c   0x0800022c   0x00000000   Code   RO          342    .ARM.Collect$$libinit$$00000011  c_w.l(libinit2.o)
    0x0800022c   0x0800022c   0x00000000   Code   RO          344    .ARM.Collect$$libinit$$00000013  c_w.l(libinit2.o)
    0x0800022c   0x0800022c   0x00000000   Code   RO          346    .ARM.Collect$$libinit$$00000015  c_w.l(libinit2.o)
    0x0800022c   0x0800022c   0x00000000   Code   RO          348    .ARM.Collect$$libinit$$00000017  c_w.l(libinit2.o)
    0x0800022c   0x0800022c   0x00000000   Code   RO          350    .ARM.Collect$$libinit$$00000019  c_w.l(libinit2.o)
    0x0800022c   0x0800022c   0x00000000   Code   RO          352    .ARM.Collect$$libinit$$0000001B  c_w.l(libinit2.o)
    0x0800022c   0x0800022c   0x00000000   Code   RO          354    .ARM.Collect$$libinit$$0000001D  c_w.l(libinit2.o)
    0x0800022c   0x0800022c   0x00000000   Code   RO          356    .ARM.Collect$$libinit$$0000001F  c_w.l(libinit2.o)
    0x0800022c   0x0800022c   0x00000000   Code   RO          358    .ARM.Collect$$libinit$$00000021  c_w.l(libinit2.o)
    0x0800022c   0x0800022c   0x00000000   Code   RO          360    .ARM.Collect$$libinit$$00000023  c_w.l(libinit2.o)
    0x0800022c   0x0800022c   0x00000000   Code   RO          362    .ARM.Collect$$libinit$$00000025  c_w.l(libinit2.o)
    0x0800022c   0x0800022c   0x00000000   Code   RO          366    .ARM.Collect$$libinit$$0000002C  c_w.l(libinit2.o)
    0x0800022c   0x0800022c   0x00000000   Code   RO          368    .ARM.Collect$$libinit$$0000002E  c_w.l(libinit2.o)
    0x0800022c   0x0800022c   0x00000000   Code   RO          370    .ARM.Collect$$libinit$$00000030  c_w.l(libinit2.o)
    0x0800022c   0x0800022c   0x00000000   Code   RO          372    .ARM.Collect$$libinit$$00000032  c_w.l(libinit2.o)
    0x0800022c   0x0800022c   0x00000002   Code   RO          373    .ARM.Collect$$libinit$$00000033  c_w.l(libinit2.o)
    0x0800022e   0x0800022e   0x00000002   Code   RO          395    .ARM.Collect$$libshutdown$$00000000  c_w.l(libshutdown.o)
    0x08000230   0x08000230   0x00000000   Code   RO          410    .ARM.Collect$$libshutdown$$00000002  c_w.l(libshutdown2.o)
    0x08000230   0x08000230   0x00000000   Code   RO          412    .ARM.Collect$$libshutdown$$00000004  c_w.l(libshutdown2.o)
    0x08000230   0x08000230   0x00000000   Code   RO          415    .ARM.Collect$$libshutdown$$00000007  c_w.l(libshutdown2.o)
    0x08000230   0x08000230   0x00000000   Code   RO          418    .ARM.Collect$$libshutdown$$0000000A  c_w.l(libshutdown2.o)
    0x08000230   0x08000230   0x00000000   Code   RO          420    .ARM.Collect$$libshutdown$$0000000C  c_w.l(libshutdown2.o)
    0x08000230   0x08000230   0x00000000   Code   RO          423    .ARM.Collect$$libshutdown$$0000000F  c_w.l(libshutdown2.o)
    0x08000230   0x08000230   0x00000002   Code   RO          424    .ARM.Collect$$libshutdown$$00000010  c_w.l(libshutdown2.o)
    0x08000232   0x08000232   0x00000000   Code   RO          274    .ARM.Collect$$rtentry$$00000000  c_w.l(__rtentry.o)
    0x08000232   0x08000232   0x00000000   Code   RO          296    .ARM.Collect$$rtentry$$00000002  c_w.l(__rtentry2.o)
    0x08000232   0x08000232   0x00000006   Code   RO          308    .ARM.Collect$$rtentry$$00000004  c_w.l(__rtentry4.o)
    0x08000238   0x08000238   0x00000000   Code   RO          298    .ARM.Collect$$rtentry$$00000009  c_w.l(__rtentry2.o)
    0x08000238   0x08000238   0x00000004   Code   RO          299    .ARM.Collect$$rtentry$$0000000A  c_w.l(__rtentry2.o)
    0x0800023c   0x0800023c   0x00000000   Code   RO          301    .ARM.Collect$$rtentry$$0000000C  c_w.l(__rtentry2.o)
    0x0800023c   0x0800023c   0x00000008   Code   RO          302    .ARM.Collect$$rtentry$$0000000D  c_w.l(__rtentry2.o)
    0x08000244   0x08000244   0x00000002   Code   RO          327    .ARM.Collect$$rtexit$$00000000  c_w.l(rtexit.o)
    0x08000246   0x08000246   0x00000000   Code   RO          375    .ARM.Collect$$rtexit$$00000002  c_w.l(rtexit2.o)
    0x08000246   0x08000246   0x00000004   Code   RO          376    .ARM.Collect$$rtexit$$00000003  c_w.l(rtexit2.o)
    0x0800024a   0x0800024a   0x00000006   Code   RO          377    .ARM.Collect$$rtexit$$00000004  c_w.l(rtexit2.o)
    0x08000250   0x08000250   0x00000040   Code   RO          191    .text               startup_stm32f446xx.o
    0x08000290   0x08000290   0x00000028   Code   RO          216    .text               c_w.l(noretval__2sprintf.o)
    0x080002b8   0x080002b8   0x00000068   Code   RO          218    .text               c_w.l(__printf.o)
    0x08000320   0x08000320   0x00000078   Code   RO          220    .text               c_w.l(_printf_dec.o)
    0x08000398   0x08000398   0x00000006   Code   RO          244    .text               c_w.l(heapauxi.o)
    0x0800039e   0x0800039e   0x000000b2   Code   RO          275    .text               c_w.l(_printf_intcommon.o)
    0x08000450   0x08000450   0x00000030   Code   RO          277    .text               c_w.l(_printf_char_common.o)
    0x08000480   0x08000480   0x0000000a   Code   RO          279    .text               c_w.l(_sputc.o)
    0x0800048a   0x0800048a   0x0000004a   Code   RO          314    .text               c_w.l(sys_stackheap_outer.o)
    0x080004d4   0x080004d4   0x00000012   Code   RO          316    .text               c_w.l(exit.o)
    0x080004e6   0x080004e6   0x00000002   PAD
    0x080004e8   0x080004e8   0x00000008   Code   RO          324    .text               c_w.l(libspace.o)
    0x080004f0   0x080004f0   0x0000000c   Code   RO          385    .text               c_w.l(sys_exit.o)
    0x080004fc   0x080004fc   0x00000002   Code   RO          400    .text               c_w.l(use_no_semi.o)
    0x080004fe   0x080004fe   0x00000000   Code   RO          402    .text               c_w.l(indicate_semi.o)
    0x080004fe   0x080004fe   0x00000002   PAD
    0x08000500   0x08000500   0x00000018   Code   RO           55    .text.EXTI9_5_IRQHandler  main.o
    0x08000518   0x08000518   0x0000000c   Code   RO           17    .text.GPIO_readPin  gpio.o
    0x08000524   0x08000524   0x00000032   Code   RO           19    .text.GPIO_setAlternateFunction  gpio.o
    0x08000556   0x08000556   0x00000002   PAD
    0x08000558   0x08000558   0x0000001c   Code   RO            3    .text.GPIO_setMode  gpio.o
    0x08000574   0x08000574   0x00000018   Code   RO            9    .text.GPIO_setPullUpDown  gpio.o
    0x0800058c   0x0800058c   0x00000012   Code   RO          198    .text.SystemInit    system_stm32f4xx.o
    0x0800059e   0x0800059e   0x00000002   PAD
    0x080005a0   0x080005a0   0x0000002c   Code   RO           61    .text.TIM4_IRQHandler  main.o
    0x080005cc   0x080005cc   0x0000000a   Code   RO           99    .text.TIM_ClearUpdateInterruptFlag  timer.o
    0x080005d6   0x080005d6   0x00000002   PAD
    0x080005d8   0x080005d8   0x00000028   Code   RO           95    .text.TIM_Config    timer.o
    0x08000600   0x08000600   0x00000050   Code   RO          105    .text.TIM_ConfigOutputCompare  timer.o
    0x08000650   0x08000650   0x00000080   Code   RO          109    .text.TIM_EnableOutputCompare  timer.o
    0x080006d0   0x080006d0   0x0000000a   Code   RO          101    .text.TIM_Start     timer.o
    0x080006da   0x080006da   0x00000002   PAD
    0x080006dc   0x080006dc   0x0000000a   Code   RO           97    .text.TIM_Stop      timer.o
    0x080006e6   0x080006e6   0x00000002   PAD
    0x080006e8   0x080006e8   0x00000032   Code   RO           49    .text.USART2_IRQHandler  main.o
    0x0800071a   0x0800071a   0x00000002   PAD
    0x0800071c   0x0800071c   0x00000040   Code   RO          141    .text.USART_receiveString  uart.o
    0x0800075c   0x0800075c   0x0000000a   Code   RO          135    .text.USART_sendChar  uart.o
    0x08000766   0x08000766   0x00000002   PAD
    0x08000768   0x08000768   0x00000022   Code   RO          137    .text.USART_sendString  uart.o
    0x0800078a   0x0800078a   0x00000002   PAD
    0x0800078c   0x0800078c   0x0000002a   Code   RO           53    .text.chay          main.o
    0x080007b6   0x080007b6   0x00000002   PAD
    0x080007b8   0x080007b8   0x0000000a   Code   RO          127    .text.compute_uart  uart.o
    0x080007c2   0x080007c2   0x00000002   PAD
    0x080007c4   0x080007c4   0x00000084   Code   RO           34    .text.configGPIO    lenguyenkhanhlam.o
    0x08000848   0x08000848   0x00000026   Code   RO           83    .text.configSysTickInt  systick.o
    0x0800086e   0x0800086e   0x00000002   PAD
    0x08000870   0x08000870   0x000001ce   Code   RO           36    .text.configTim     lenguyenkhanhlam.o
    0x08000a3e   0x08000a3e   0x00000002   PAD
    0x08000a40   0x08000a40   0x00000056   Code   RO           32    .text.enaleClockModule  lenguyenkhanhlam.o
    0x08000a96   0x08000a96   0x00000002   PAD
    0x08000a98   0x08000a98   0x000000e4   Code   RO           47    .text.main          main.o
    0x08000b7c   0x08000b7c   0x00000038   Code   RO           51    .text.sendData      main.o
    0x08000bb4   0x08000bb4   0x00000016   Code   RO           30    .text.sysInit       lenguyenkhanhlam.o
    0x08000bca   0x08000bca   0x00000002   PAD
    0x08000bcc   0x08000bcc   0x00000010   Code   RO          129    .text.uart_set_baudrate  uart.o
    0x08000bdc   0x08000bdc   0x0000001a   Code   RO          383    x$fpl$fpinit        fz_wm.l(fpinit.o)
    0x08000bf6   0x08000bf6   0x00000002   PAD
    0x08000bf8   0x08000bf8   0x00000010   Data   RO          458    Region$$Table       anon$$obj.o


    Execution Region RW_IRAM1 (Exec base: 0x20000000, Load base: 0x08000c08, Size: 0x00000798, Max: 0x00020000, ABSOLUTE)

    Exec Addr    Load Addr    Size         Type   Attr      Idx    E Section Name        Object

    0x20000000        -       0x00000060   Zero   RW          325    .bss                c_w.l(libspace.o)
    0x20000060        -       0x00000008   Zero   RW           65    .bss.E1             main.o
    0x20000068        -       0x00000008   Zero   RW           64    .bss.E2             main.o
    0x20000070        -       0x00000008   Zero   RW           68    .bss.Kd1            main.o
    0x20000078        -       0x00000008   Zero   RW           67    .bss.Ki1            main.o
    0x20000080        -       0x00000008   Zero   RW           66    .bss.Kp1            main.o
    0x20000088        -       0x00000008   Zero   RW           63    .bss.T              main.o
    0x20000090        -       0x00000100   Zero   RW           69    .bss.buff           main.o
    0x20000190        -       0x00000004   Zero   RW           70    .bss.position       main.o
    0x20000194   0x08000c08   0x00000004   PAD
    0x20000198        -       0x00000200   Zero   RW          189    HEAP                startup_stm32f446xx.o
    0x20000398        -       0x00000400   Zero   RW          188    STACK               startup_stm32f446xx.o


==============================================================================

Image component sizes


      Code (inc. data)   RO Data    RW Data    ZI Data      Debug   Object Name

       114          0          0          0          0       2632   gpio.o
       702          0          0          0          0       3083   lenguyenkhanhlam.o
       444         28          0          0        308       3386   main.o
        64         26        452          0       1536        896   startup_stm32f446xx.o
        18          0          0          0          0       2858   system_stm32f4xx.o
        38          0          0          0          0        971   systick.o
       278          8          0          0          0       3859   timer.o
       134          0          0          0          0       2349   uart.o

    ----------------------------------------------------------------------
      1820         62        468          0       1848      20034   Object Totals
         0          0         16          0          0          0   (incl. Generated)
        28          0          0          0          4          0   (incl. Padding)

    ----------------------------------------------------------------------

      Code (inc. data)   RO Data    RW Data    ZI Data      Debug   Library Member Name

         8          0          0          0          0         68   __main.o
       104          0          0          0          0         84   __printf.o
         0          0          0          0          0          0   __rtentry.o
        12          0          0          0          0          0   __rtentry2.o
         6          0          0          0          0          0   __rtentry4.o
        52          8          0          0          0          0   __scatter.o
        28          0          0          0          0          0   __scatter_zi.o
        48          6          0          0          0         96   _printf_char_common.o
         6          0          0          0          0          0   _printf_d.o
       120         16          0          0          0         92   _printf_dec.o
       178          0          0          0          0         88   _printf_intcommon.o
         0          0          0          0          0          0   _printf_percent.o
         4          0          0          0          0          0   _printf_percent_end.o
        10          0          0          0          0         68   _sputc.o
        18          0          0          0          0         80   exit.o
         6          0          0          0          0        152   heapauxi.o
         0          0          0          0          0          0   indicate_semi.o
         2          0          0          0          0          0   libinit.o
         6          0          0          0          0          0   libinit2.o
         2          0          0          0          0          0   libshutdown.o
         2          0          0          0          0          0   libshutdown2.o
         8          4          0          0         96         68   libspace.o
        40          6          0          0          0         84   noretval__2sprintf.o
         2          0          0          0          0          0   rtexit.o
        10          0          0          0          0          0   rtexit2.o
        12          4          0          0          0         68   sys_exit.o
        74          0          0          0          0         80   sys_stackheap_outer.o
         2          0          0          0          0         68   use_no_semi.o
        26          0          0          0          0        116   fpinit.o

    ----------------------------------------------------------------------
       792         44          0          0         96       1212   Library Totals
         6          0          0          0          0          0   (incl. Padding)

    ----------------------------------------------------------------------

      Code (inc. data)   RO Data    RW Data    ZI Data      Debug   Library Name

       760         44          0          0         96       1096   c_w.l
        26          0          0          0          0        116   fz_wm.l

    ----------------------------------------------------------------------
       792         44          0          0         96       1212   Library Totals

    ----------------------------------------------------------------------

==============================================================================


      Code (inc. data)   RO Data    RW Data    ZI Data      Debug   

      2612        106        468          0       1944      20614   Grand Totals
      2612        106        468          0       1944      20614   ELF Image Totals
      2612        106        468          0          0          0   ROM Totals

==============================================================================

    Total RO  Size (Code + RO Data)                 3080 (   3.01kB)
    Total RW  Size (RW Data + ZI Data)              1944 (   1.90kB)
    Total ROM Size (Code + RO Data + RW Data)       3080 (   3.01kB)

==============================================================================

